mysql: [Warning] C:\Program Files\MySQL\MySQL Server 5.7\bin\mysql.exe: ignoring option '--no-beep' due to invalid value ''
Enter password: ****
Welcome to the MySQL monitor.  Commands end with ; or \g.
Your MySQL connection id is 3
Server version: 5.7.27-log MySQL Community Server (GPL)

Copyright (c) 2000, 2019, Oracle and/or its affiliates. All rights reserved.

Oracle is a registered trademark of Oracle Corporation and/or its
affiliates. Other names may be trademarks of their respective
owners.

Type 'help;' or '\h' for help. Type '\c' to clear the current input statement.

mysql> show databases;
+--------------------+
| Database           |
+--------------------+
| information_schema |
| mysql              |
| performance_schema |
| sakila             |
| sys                |
| world              |
+--------------------+
6 rows in set (0.00 sec)

mysql> create database emp;
Query OK, 1 row affected (0.00 sec)

mysql> show databases;
+--------------------+
| Database           |
+--------------------+
| information_schema |
| emp                |
| mysql              |
| performance_schema |
| sakila             |
| sys                |
| world              |
+--------------------+
7 rows in set (0.00 sec)

mysql> create database dummy;
Query OK, 1 row affected (0.03 sec)

mysql> create table product (pid int, pname varchar(100), quantity int);
ERROR 1046 (3D000): No database selected
mysql> use dummy;
Database changed
mysql> create table product (pid int, pname varchar(100), quantity int);
Query OK, 0 rows affected (0.41 sec)

mysql> show table;
ERROR 1064 (42000): You have an error in your SQL syntax; check the manual that corresponds to your MySQL server version for the right syntax to use near '' at line 1
mysql> show tables;
+-----------------+
| Tables_in_dummy |
+-----------------+
| product         |
+-----------------+
1 row in set (0.00 sec)

mysql> desc product;
+----------+--------------+------+-----+---------+-------+
| Field    | Type         | Null | Key | Default | Extra |
+----------+--------------+------+-----+---------+-------+
| pid      | int(11)      | YES  |     | NULL    |       |
| pname    | varchar(100) | YES  |     | NULL    |       |
| quantity | int(11)      | YES  |     | NULL    |       |
+----------+--------------+------+-----+---------+-------+
3 rows in set (0.00 sec)

mysql> drop database dummy;
Query OK, 1 row affected (0.36 sec)

mysql> show databases;
+--------------------+
| Database           |
+--------------------+
| information_schema |
| emp                |
| mysql              |
| performance_schema |
| sakila             |
| sys                |
| world              |
+--------------------+
7 rows in set (0.00 sec)

mysql> create database ust_db;
Query OK, 1 row affected (0.00 sec)

mysql> show databases;
+--------------------+
| Database           |
+--------------------+
| information_schema |
| emp                |
| mysql              |
| performance_schema |
| sakila             |
| sys                |
| ust_db             |
| world              |
+--------------------+
8 rows in set (0.00 sec)

mysql> use ust_db;
Database changed
mysql> show tables;
Empty set (0.00 sec)

mysql> create table product (pid int, pname varchar(100), quantity int);
Query OK, 0 rows affected (0.36 sec)

mysql> show tables;
+------------------+
| Tables_in_ust_db |
+------------------+
| product          |
+------------------+
1 row in set (0.00 sec)

mysql> desc product;
+----------+--------------+------+-----+---------+-------+
| Field    | Type         | Null | Key | Default | Extra |
+----------+--------------+------+-----+---------+-------+
| pid      | int(11)      | YES  |     | NULL    |       |
| pname    | varchar(100) | YES  |     | NULL    |       |
| quantity | int(11)      | YES  |     | NULL    |       |
+----------+--------------+------+-----+---------+-------+
3 rows in set (0.00 sec)

mysql> drop table product;
Query OK, 0 rows affected (0.25 sec)

mysql> show tables;
Empty set (0.00 sec)

mysql> create table product (pid int, pname varchar(100), quantity int);
Query OK, 0 rows affected (0.43 sec)

mysql> alter table product add colomn price int;
ERROR 1064 (42000): You have an error in your SQL syntax; check the manual that corresponds to your MySQL server version for the right syntax to use near 'price int' at line 1
mysql> alter table product add column price int;
Query OK, 0 rows affected (0.67 sec)
Records: 0  Duplicates: 0  Warnings: 0

mysql> show tables;
+------------------+
| Tables_in_ust_db |
+------------------+
| product          |
+------------------+
1 row in set (0.00 sec)

mysql> desc product;
+----------+--------------+------+-----+---------+-------+
| Field    | Type         | Null | Key | Default | Extra |
+----------+--------------+------+-----+---------+-------+
| pid      | int(11)      | YES  |     | NULL    |       |
| pname    | varchar(100) | YES  |     | NULL    |       |
| quantity | int(11)      | YES  |     | NULL    |       |
| price    | int(11)      | YES  |     | NULL    |       |
+----------+--------------+------+-----+---------+-------+
4 rows in set (0.00 sec)

mysql> alter table product change column price cost int;
Query OK, 0 rows affected (0.16 sec)
Records: 0  Duplicates: 0  Warnings: 0

mysql> desc product;
+----------+--------------+------+-----+---------+-------+
| Field    | Type         | Null | Key | Default | Extra |
+----------+--------------+------+-----+---------+-------+
| pid      | int(11)      | YES  |     | NULL    |       |
| pname    | varchar(100) | YES  |     | NULL    |       |
| quantity | int(11)      | YES  |     | NULL    |       |
| cost     | int(11)      | YES  |     | NULL    |       |
+----------+--------------+------+-----+---------+-------+
4 rows in set (0.00 sec)

mysql> alter table product drop column quantity;
Query OK, 0 rows affected (0.70 sec)
Records: 0  Duplicates: 0  Warnings: 0

mysql> desc product;
+-------+--------------+------+-----+---------+-------+
| Field | Type         | Null | Key | Default | Extra |
+-------+--------------+------+-----+---------+-------+
| pid   | int(11)      | YES  |     | NULL    |       |
| pname | varchar(100) | YES  |     | NULL    |       |
| cost  | int(11)      | YES  |     | NULL    |       |
+-------+--------------+------+-----+---------+-------+
3 rows in set (0.00 sec)

mysql> rename table product to product_info;
Query OK, 0 rows affected (0.28 sec)

mysql> show tables;
+------------------+
| Tables_in_ust_db |
+------------------+
| product_info     |
+------------------+
1 row in set (0.00 sec)

mysql> rename database ust_db to dummy;
ERROR 1064 (42000): You have an error in your SQL syntax; check the manual that corresponds to your MySQL server version for the right syntax to use near 'database ust_db to dummy' at line 1
mysql> i9
    ->
    -> ^C
mysql> desc product_info;
+-------+--------------+------+-----+---------+-------+
| Field | Type         | Null | Key | Default | Extra |
+-------+--------------+------+-----+---------+-------+
| pid   | int(11)      | YES  |     | NULL    |       |
| pname | varchar(100) | YES  |     | NULL    |       |
| cost  | int(11)      | YES  |     | NULL    |       |
+-------+--------------+------+-----+---------+-------+
3 rows in set (0.10 sec)

mysql> insert into table product_info(pid,pname,cost) values(1,mobile-mi,10000);
ERROR 1064 (42000): You have an error in your SQL syntax; check the manual that corresponds to your MySQL server version for the right syntax to use near 'table product_info(pid,pname,cost) values(1,mobile-mi,10000)' at line 1
mysql> insert into product_info(pid,pname,cost) values(1,mobile-mi,10000);
ERROR 1054 (42S22): Unknown column 'mobile' in 'field list'
mysql> insert into product_info(pid,pname,cost) values(1,mobile-mi,10000);
ERROR 1054 (42S22): Unknown column 'mobile' in 'field list'
mysql> use product_info;
ERROR 1049 (42000): Unknown database 'product_info'
mysql> show tables;
+------------------+
| Tables_in_ust_db |
+------------------+
| product_info     |
+------------------+
1 row in set (0.00 sec)

mysql> insert into product_info(pid,pname,cost) values(1,'mobile-mi',10000);
Query OK, 1 row affected (0.16 sec)

mysql> show tables;
+------------------+
| Tables_in_ust_db |
+------------------+
| product_info     |
+------------------+
1 row in set (0.00 sec)

mysql> desc product_info;
+-------+--------------+------+-----+---------+-------+
| Field | Type         | Null | Key | Default | Extra |
+-------+--------------+------+-----+---------+-------+
| pid   | int(11)      | YES  |     | NULL    |       |
| pname | varchar(100) | YES  |     | NULL    |       |
| cost  | int(11)      | YES  |     | NULL    |       |
+-------+--------------+------+-----+---------+-------+
3 rows in set (0.10 sec)

mysql> select * from product_info;
+------+-----------+-------+
| pid  | pname     | cost  |
+------+-----------+-------+
|    1 | mobile-mi | 10000 |
+------+-----------+-------+
1 row in set (0.00 sec)

mysql> insert into product_info values(2,'car',234444);
Query OK, 1 row affected (0.18 sec)

mysql> select * from product_info;
+------+-----------+--------+
| pid  | pname     | cost   |
+------+-----------+--------+
|    1 | mobile-mi |  10000 |
|    2 | car       | 234444 |
+------+-----------+--------+
2 rows in set (0.00 sec)

mysql> insert into product_info(pid,pname) values (3,'book',400);
ERROR 1136 (21S01): Column count doesn't match value count at row 1
mysql> insert into product_info(pid,pname) values (3,'book');
Query OK, 1 row affected (0.14 sec)

mysql> select * from product_info;
+------+-----------+--------+
| pid  | pname     | cost   |
+------+-----------+--------+
|    1 | mobile-mi |  10000 |
|    2 | car       | 234444 |
|    3 | book      |   NULL |
+------+-----------+--------+
3 rows in set (0.00 sec)

mysql> insert into product_info(pid,pname,cost) values(4,'pen',50),(5,'laptop',40000);
Query OK, 2 rows affected (0.06 sec)
Records: 2  Duplicates: 0  Warnings: 0

mysql> select * from product_info;
+------+-----------+--------+
| pid  | pname     | cost   |
+------+-----------+--------+
|    1 | mobile-mi |  10000 |
|    2 | car       | 234444 |
|    3 | book      |   NULL |
|    4 | pen       |     50 |
|    5 | laptop    |  40000 |
+------+-----------+--------+
5 rows in set (0.00 sec)

mysql>-----------------------------------------------------------------------------------------------------------------------------------------------------------------------------------------------------------------------
mysql: [Warning] C:\Program Files\MySQL\MySQL Server 5.7\bin\mysql.exe: ignoring option '--no-beep' due to invalid value ''
Enter password: ****
Welcome to the MySQL monitor.  Commands end with ; or \g.
Your MySQL connection id is 3
Server version: 5.7.27-log MySQL Community Server (GPL)

Copyright (c) 2000, 2019, Oracle and/or its affiliates. All rights reserved.

Oracle is a registered trademark of Oracle Corporation and/or its
affiliates. Other names may be trademarks of their respective
owners.

Type 'help;' or '\h' for help. Type '\c' to clear the current input statement.

mysql> show databases;
+--------------------+
| Database           |
+--------------------+
| information_schema |
| mysql              |
| performance_schema |
| sakila             |
| sys                |
| world              |
+--------------------+
6 rows in set (0.00 sec)

mysql> create database emp;
Query OK, 1 row affected (0.00 sec)

mysql> show databases;
+--------------------+
| Database           |
+--------------------+
| information_schema |
| emp                |
| mysql              |
| performance_schema |
| sakila             |
| sys                |
| world              |
+--------------------+
7 rows in set (0.00 sec)

mysql> create database dummy;
Query OK, 1 row affected (0.03 sec)

mysql> create table product (pid int, pname varchar(100), quantity int);
ERROR 1046 (3D000): No database selected
mysql> use dummy;
Database changed
mysql> create table product (pid int, pname varchar(100), quantity int);
Query OK, 0 rows affected (0.41 sec)

mysql> show table;
ERROR 1064 (42000): You have an error in your SQL syntax; check the manual that corresponds to your MySQL server version for the right syntax to use near '' at line 1
mysql> show tables;
+-----------------+
| Tables_in_dummy |
+-----------------+
| product         |
+-----------------+
1 row in set (0.00 sec)

mysql> desc product;
+----------+--------------+------+-----+---------+-------+
| Field    | Type         | Null | Key | Default | Extra |
+----------+--------------+------+-----+---------+-------+
| pid      | int(11)      | YES  |     | NULL    |       |
| pname    | varchar(100) | YES  |     | NULL    |       |
| quantity | int(11)      | YES  |     | NULL    |       |
+----------+--------------+------+-----+---------+-------+
3 rows in set (0.00 sec)

mysql> drop database dummy;
Query OK, 1 row affected (0.36 sec)

mysql> show databases;
+--------------------+
| Database           |
+--------------------+
| information_schema |
| emp                |
| mysql              |
| performance_schema |
| sakila             |
| sys                |
| world              |
+--------------------+
7 rows in set (0.00 sec)

mysql> create database ust_db;
Query OK, 1 row affected (0.00 sec)

mysql> show databases;
+--------------------+
| Database           |
+--------------------+
| information_schema |
| emp                |
| mysql              |
| performance_schema |
| sakila             |
| sys                |
| ust_db             |
| world              |
+--------------------+
8 rows in set (0.00 sec)

mysql> use ust_db;
Database changed
mysql> show tables;
Empty set (0.00 sec)

mysql> create table product (pid int, pname varchar(100), quantity int);
Query OK, 0 rows affected (0.36 sec)

mysql> show tables;
+------------------+
| Tables_in_ust_db |
+------------------+
| product          |
+------------------+
1 row in set (0.00 sec)

mysql> desc product;
+----------+--------------+------+-----+---------+-------+
| Field    | Type         | Null | Key | Default | Extra |
+----------+--------------+------+-----+---------+-------+
| pid      | int(11)      | YES  |     | NULL    |       |
| pname    | varchar(100) | YES  |     | NULL    |       |
| quantity | int(11)      | YES  |     | NULL    |       |
+----------+--------------+------+-----+---------+-------+
3 rows in set (0.00 sec)

mysql> drop table product;
Query OK, 0 rows affected (0.25 sec)

mysql> show tables;
Empty set (0.00 sec)

mysql> create table product (pid int, pname varchar(100), quantity int);
Query OK, 0 rows affected (0.43 sec)

mysql> alter table product add colomn price int;
ERROR 1064 (42000): You have an error in your SQL syntax; check the manual that corresponds to your MySQL server version for the right syntax to use near 'price int' at line 1
mysql> alter table product add column price int;
Query OK, 0 rows affected (0.67 sec)
Records: 0  Duplicates: 0  Warnings: 0

mysql> show tables;
+------------------+
| Tables_in_ust_db |
+------------------+
| product          |
+------------------+
1 row in set (0.00 sec)

mysql> desc product;
+----------+--------------+------+-----+---------+-------+
| Field    | Type         | Null | Key | Default | Extra |
+----------+--------------+------+-----+---------+-------+
| pid      | int(11)      | YES  |     | NULL    |       |
| pname    | varchar(100) | YES  |     | NULL    |       |
| quantity | int(11)      | YES  |     | NULL    |       |
| price    | int(11)      | YES  |     | NULL    |       |
+----------+--------------+------+-----+---------+-------+
4 rows in set (0.00 sec)

mysql> alter table product change column price cost int;
Query OK, 0 rows affected (0.16 sec)
Records: 0  Duplicates: 0  Warnings: 0

mysql> desc product;
+----------+--------------+------+-----+---------+-------+
| Field    | Type         | Null | Key | Default | Extra |
+----------+--------------+------+-----+---------+-------+
| pid      | int(11)      | YES  |     | NULL    |       |
| pname    | varchar(100) | YES  |     | NULL    |       |
| quantity | int(11)      | YES  |     | NULL    |       |
| cost     | int(11)      | YES  |     | NULL    |       |
+----------+--------------+------+-----+---------+-------+
4 rows in set (0.00 sec)

mysql> alter table product drop column quantity;
Query OK, 0 rows affected (0.70 sec)
Records: 0  Duplicates: 0  Warnings: 0

mysql> desc product;
+-------+--------------+------+-----+---------+-------+
| Field | Type         | Null | Key | Default | Extra |
+-------+--------------+------+-----+---------+-------+
| pid   | int(11)      | YES  |     | NULL    |       |
| pname | varchar(100) | YES  |     | NULL    |       |
| cost  | int(11)      | YES  |     | NULL    |       |
+-------+--------------+------+-----+---------+-------+
3 rows in set (0.00 sec)

mysql> rename table product to product_info;
Query OK, 0 rows affected (0.28 sec)

mysql> show tables;
+------------------+
| Tables_in_ust_db |
+------------------+
| product_info     |
+------------------+
1 row in set (0.00 sec)

mysql> rename database ust_db to dummy;
ERROR 1064 (42000): You have an error in your SQL syntax; check the manual that corresponds to your MySQL server version for the right syntax to use near 'database ust_db to dummy' at line 1
mysql> i9
    ->
    -> ^C
mysql> desc product_info;
+-------+--------------+------+-----+---------+-------+
| Field | Type         | Null | Key | Default | Extra |
+-------+--------------+------+-----+---------+-------+
| pid   | int(11)      | YES  |     | NULL    |       |
| pname | varchar(100) | YES  |     | NULL    |       |
| cost  | int(11)      | YES  |     | NULL    |       |
+-------+--------------+------+-----+---------+-------+
3 rows in set (0.10 sec)

mysql> insert into table product_info(pid,pname,cost) values(1,mobile-mi,10000);
ERROR 1064 (42000): You have an error in your SQL syntax; check the manual that corresponds to your MySQL server version for the right syntax to use near 'table product_info(pid,pname,cost) values(1,mobile-mi,10000)' at line 1
mysql> insert into product_info(pid,pname,cost) values(1,mobile-mi,10000);
ERROR 1054 (42S22): Unknown column 'mobile' in 'field list'
mysql> insert into product_info(pid,pname,cost) values(1,mobile-mi,10000);
ERROR 1054 (42S22): Unknown column 'mobile' in 'field list'
mysql> use product_info;
ERROR 1049 (42000): Unknown database 'product_info'
mysql> show tables;
+------------------+
| Tables_in_ust_db |
+------------------+
| product_info     |
+------------------+
1 row in set (0.00 sec)

mysql> insert into product_info(pid,pname,cost) values(1,'mobile-mi',10000);
Query OK, 1 row affected (0.16 sec)

mysql> show tables;
+------------------+
| Tables_in_ust_db |
+------------------+
| product_info     |
+------------------+
1 row in set (0.00 sec)

mysql> desc product_info;
+-------+--------------+------+-----+---------+-------+
| Field | Type         | Null | Key | Default | Extra |
+-------+--------------+------+-----+---------+-------+
| pid   | int(11)      | YES  |     | NULL    |       |
| pname | varchar(100) | YES  |     | NULL    |       |
| cost  | int(11)      | YES  |     | NULL    |       |
+-------+--------------+------+-----+---------+-------+
3 rows in set (0.10 sec)

mysql> select * from product_info;
+------+-----------+-------+
| pid  | pname     | cost  |
+------+-----------+-------+
|    1 | mobile-mi | 10000 |
+------+-----------+-------+
1 row in set (0.00 sec)

mysql> insert into product_info values(2,'car',234444);
Query OK, 1 row affected (0.18 sec)

mysql> select * from product_info;
+------+-----------+--------+
| pid  | pname     | cost   |
+------+-----------+--------+
|    1 | mobile-mi |  10000 |
|    2 | car       | 234444 |
+------+-----------+--------+
2 rows in set (0.00 sec)

mysql> insert into product_info(pid,pname) values (3,'book',400);
ERROR 1136 (21S01): Column count doesn't match value count at row 1
mysql> insert into product_info(pid,pname) values (3,'book');
Query OK, 1 row affected (0.14 sec)

mysql> select * from product_info;
+------+-----------+--------+
| pid  | pname     | cost   |
+------+-----------+--------+
|    1 | mobile-mi |  10000 |
|    2 | car       | 234444 |
|    3 | book      |   NULL |
+------+-----------+--------+
3 rows in set (0.00 sec)

mysql> insert into product_info(pid,pname,cost) values(4,'pen',50),(5,'laptop',40000);
Query OK, 2 rows affected (0.06 sec)
Records: 2  Duplicates: 0  Warnings: 0

mysql> select * from product_info;
+------+-----------+--------+
| pid  | pname     | cost   |
+------+-----------+--------+
|    1 | mobile-mi |  10000 |
|    2 | car       | 234444 |
|    3 | book      |   NULL |
|    4 | pen       |     50 |
|    5 | laptop    |  40000 |
+------+-----------+--------+
5 rows in set (0.00 sec)

mysql> update product_info set cost=5500;
Query OK, 5 rows affected (0.16 sec)
Rows matched: 5  Changed: 5  Warnings: 0

mysql> select * from product_info;
+------+-----------+------+
| pid  | pname     | cost |
+------+-----------+------+
|    1 | mobile-mi | 5500 |
|    2 | car       | 5500 |
|    3 | book      | 5500 |
|    4 | pen       | 5500 |
|    5 | laptop    | 5500 |
+------+-----------+------+
5 rows in set (0.00 sec)

mysql> ++++
    ->
    ->
    ->
    ->
    ->
    ->
    ->
    ->
    ->
    ->
    ->
    ->
    ->
    ->
    ->
    ->
    ->
    ->
    ->
    ->
    ->
    ->
    ->
    ->
    ->
    ->
    ->
    ->
    ->
    ->
    ->
    ->
    ->
    ->
    ->
    ->
    ->
    ->
    ->
    ->
    ->
    ->
    ->
    ->
    ->
    ->
    ->
    ->
    ->
    ->
    ->
    ->
    ->
    ->
    ->
    ->
    ->
    ->
    ->
    ->
    -> ^C
mysql>
mysql>
mysql> select * from product_info;
+------+-----------+------+
| pid  | pname     | cost |
+------+-----------+------+
|    1 | mobile-mi | 5500 |
|    2 | car       | 5500 |
|    3 | book      | 5500 |
|    4 | pen       | 5500 |
|    5 | laptop    | 5500 |
+------+-----------+------+
5 rows in set (0.00 sec)

mysql> ..........................................................................................................................................................................................................................................
    -> ^C
mysql>
mysql> select * from product_info;
+------+-----------+------+
| pid  | pname     | cost |
+------+-----------+------+
|    1 | mobile-mi | 5500 |
|    2 | car       | 5500 |
|    3 | book      | 5500 |
|    4 | pen       | 5500 |
|    5 | laptop    | 5500 |
+------+-----------+------+
5 rows in set (0.00 sec)

mysql> delete from product_info;
Query OK, 5 rows affected (0.06 sec)

mysql> select * from product_info;
Empty set (0.00 sec)

mysql> insert into product_info values(1,'book',200),(2,'mobile',300),(3,'car',562000);
Query OK, 3 rows affected (0.07 sec)
Records: 3  Duplicates: 0  Warnings: 0

mysql> select * from product_info;
+------+--------+--------+
| pid  | pname  | cost   |
+------+--------+--------+
|    1 | book   |    200 |
|    2 | mobile |    300 |
|    3 | car    | 562000 |
+------+--------+--------+
3 rows in set (0.00 sec)

mysql> insert into product_info values(1,'book',200),(2,'mobile',300),(3,'car',562000),(4,'pen'50);
ERROR 1064 (42000): You have an error in your SQL syntax; check the manual that corresponds to your MySQL server version for the right syntax to use near '50)' at line 1
mysql> select * from product_info;
+------+--------+--------+
| pid  | pname  | cost   |
+------+--------+--------+
|    1 | book   |    200 |
|    2 | mobile |    300 |
|    3 | car    | 562000 |
+------+--------+--------+
3 rows in set (0.00 sec)

mysql> +
    ->
    -> +
    ->
    ->
    -> ^C
mysql>
mysql> select cost from product_info;
+--------+
| cost   |
+--------+
|    200 |
|    300 |
| 562000 |
+--------+
3 rows in set (0.00 sec)

mysql> select * from product_info;
+------+--------+--------+
| pid  | pname  | cost   |
+------+--------+--------+
|    1 | book   |    200 |
|    2 | mobile |    300 |
|    3 | car    | 562000 |
+------+--------+--------+
3 rows in set (0.00 sec)

mysql> create database employee;
Query OK, 1 row affected (0.02 sec)

mysql> use employee;
Database changed
mysql> create database employee;
ERROR 1007 (HY000): Can't create database 'employee'; database exists
mysql> craete table emp(empid int primarykey,name varchar(100) not null,mobileno int unique,dob date,age int ,doj date, bloodgroup varchar(50),deptno int,salary int,email varchar(170),gender varchar(100));
ERROR 1064 (42000): You have an error in your SQL syntax; check the manual that corresponds to your MySQL server version for the right syntax to use near 'craete table emp(empid int primarykey,name varchar(100) not null,mobileno int un' at line 1
mysql> use employee;
Database changed
mysql> craete table emp(empid int primarykey,name varchar(100) not null,mobileno int unique,dob date,age int ,doj date, bloodgroup varchar(50),deptno int,salary int,email varchar(170),gender varchar(100));
ERROR 1064 (42000): You have an error in your SQL syntax; check the manual that corresponds to your MySQL server version for the right syntax to use near 'craete table emp(empid int primarykey,name varchar(100) not null,mobileno int un' at line 1
mysql> create table emp(empid int primarykey,name varchar(100) not null,mobileno int unique,dob date,age int ,doj date, bloodgroup varchar(50),deptno int,salary int,email varchar(170),gender varchar(100));
ERROR 1064 (42000): You have an error in your SQL syntax; check the manual that corresponds to your MySQL server version for the right syntax to use near 'primarykey,name varchar(100) not null,mobileno int unique,dob date,age int ,doj ' at line 1
mysql> create table emp(empid int primary key,name varchar(100) not null,mobileno int unique,dob date,age int ,doj date, bloodgroup varchar(50),deptno int,salary int,email varchar(170),gender varchar(100));
Query OK, 0 rows affected (0.36 sec)

mysql> select *from emp;
Empty set (0.10 sec)

mysql> create table emp(empid int primary key,name varchar(100) not null,mobileno int unique,dob date,age int ,doj date, bloodgroup varchar(50),deptno int,salary int,email varchar(170),gender varchar(100));
ERROR 1050 (42S01): Table 'emp' already exists
mysql> show tables;
+--------------------+
| Tables_in_employee |
+--------------------+
| emp                |
+--------------------+
1 row in set (0.00 sec)

mysql> desc emp;
+------------+--------------+------+-----+---------+-------+
| Field      | Type         | Null | Key | Default | Extra |
+------------+--------------+------+-----+---------+-------+
| empid      | int(11)      | NO   | PRI | NULL    |       |
| name       | varchar(100) | NO   |     | NULL    |       |
| mobileno   | int(11)      | YES  | UNI | NULL    |       |
| dob        | date         | YES  |     | NULL    |       |
| age        | int(11)      | YES  |     | NULL    |       |
| doj        | date         | YES  |     | NULL    |       |
| bloodgroup | varchar(50)  | YES  |     | NULL    |       |
| deptno     | int(11)      | YES  |     | NULL    |       |
| salary     | int(11)      | YES  |     | NULL    |       |
| email      | varchar(170) | YES  |     | NULL    |       |
| gender     | varchar(100) | YES  |     | NULL    |       |
+------------+--------------+------+-----+---------+-------+
11 rows in set (0.10 sec)

mysql> alter table emp add column designation varchar(100);
Query OK, 0 rows affected (0.77 sec)
Records: 0  Duplicates: 0  Warnings: 0

mysql> desc emp;
+-------------+--------------+------+-----+---------+-------+
| Field       | Type         | Null | Key | Default | Extra |
+-------------+--------------+------+-----+---------+-------+
| empid       | int(11)      | NO   | PRI | NULL    |       |
| name        | varchar(100) | NO   |     | NULL    |       |
| mobileno    | int(11)      | YES  | UNI | NULL    |       |
| dob         | date         | YES  |     | NULL    |       |
| age         | int(11)      | YES  |     | NULL    |       |
| doj         | date         | YES  |     | NULL    |       |
| bloodgroup  | varchar(50)  | YES  |     | NULL    |       |
| deptno      | int(11)      | YES  |     | NULL    |       |
| salary      | int(11)      | YES  |     | NULL    |       |
| email       | varchar(170) | YES  |     | NULL    |       |
| gender      | varchar(100) | YES  |     | NULL    |       |
| designation | varchar(100) | YES  |     | NULL    |       |
+-------------+--------------+------+-----+---------+-------+
12 rows in set (0.00 sec)

mysql> insert into emp values(1,'raj',9838156252,'1996-10-10',23,'2016-04-04','o positive',10,20000,'rajsingh97@gmail.com','female','sofware devloper');
ERROR 1264 (22003): Out of range value for column 'mobileno' at row 1
mysql> insert into emp values(1,'raj',983815625,'1996-10-10',23,'2016-04-04','o positive',10,20000,'rajsingh97@gmail.com','female','sofware devloper');
Query OK, 1 row affected (0.16 sec)

mysql> insert into emp values(2,'raju',833815625,'1996-10-10',22,'2016-04-04','a positive',10,50000,'rajusingh97@gmail.com','male','hr');
Query OK, 1 row affected (0.12 sec)

mysql> insert into emp values(3,'rajan',7433815625,'1993-10-05',29,'2016-04-04','b positive',10,17000,'rajansingh97@gmail.com','male','tester');
ERROR 1264 (22003): Out of range value for column 'mobileno' at row 1
mysql> insert into emp values(3,'rajan',74338125,'1993-10-05',29,'2016-04-04','b positive',10,17000,'rajansingh97@gmail.com','male','tester');
Query OK, 1 row affected (0.16 sec)

mysql> select * from emp
    -> ;
+-------+-------+-----------+------------+------+------------+------------+--------+--------+------------------------+--------+------------------+
| empid | name  | mobileno  | dob        | age  | doj        | bloodgroup | deptno | salary | email                  | gender | designation      |
+-------+-------+-----------+------------+------+------------+------------+--------+--------+------------------------+--------+------------------+
|     1 | raj   | 983815625 | 1996-10-10 |   23 | 2016-04-04 | o positive |     10 |  20000 | rajsingh97@gmail.com   | female | sofware devloper |
|     2 | raju  | 833815625 | 1996-10-10 |   22 | 2016-04-04 | a positive |     10 |  50000 | rajusingh97@gmail.com  | male   | hr               |
|     3 | rajan |  74338125 | 1993-10-05 |   29 | 2016-04-04 | b positive |     10 |  17000 | rajansingh97@gmail.com | male   | tester           |
+-------+-------+-----------+------------+------+------------+------------+--------+--------+------------------------+--------+------------------+
3 rows in set (0.11 sec)

mysql> insert into emp values(4,'rajesh',74300125,'1994-10-05',29,'2018-04-04','b negative',20,22000,'rajeshverma97@gmail.com','male','clerk');
Query OK, 1 row affected (0.17 sec)

mysql> insert into emp values(5,'suresh',74363472,'1994-09-08',29,'2018-07-02','a negative',20,28000,'sureshverma97@gmail.com','male','clerk');
Query OK, 1 row affected (0.06 sec)

mysql> insert into emp values(6,'sita',94363472,'1992-07-08',29,'2019-07-02','b negative',40,70000,'sitaverma66@gmail.com','female','manager')
    -> ;
Query OK, 1 row affected (0.16 sec)

mysql> insert into emp values(7,'amrita',9963472,'1992-07-08',22,'2019-07-02','b negative',50,70000,'amritaangel66@gmail.com','female','manager');
Query OK, 1 row affected (0.17 sec)

mysql> insert into emp values(8,'bhavya',8363472,'1987-04-08',40,'2019-07-02','o positove',50,10000,'bhavy1987@gmail.com','female','tech support');
Query OK, 1 row affected (0.20 sec)

mysql> insert into emp values(9,'ritik',7736342,'1992-04-20',25,'2018-22-02','o positove',40,28000,'ritik999@gmail.com','male','tester');
ERROR 1292 (22007): Incorrect date value: '2018-22-02' for column 'doj' at row 1
mysql> insert into emp values(9,'ritik',7736342,'1992-04-20',25,'2018-08-22','o positove',40,28000,'ritik999@gmail.com','male','tester');
Query OK, 1 row affected (0.16 sec)

mysql> insert into emp values(10,'sarika',9239239,'1995-04-28',28,'2017-12-22','b positove',30,32000,'sarika999@gmail.com','female','tester');
Query OK, 1 row affected (0.05 sec)

mysql> desc emp;
+-------------+--------------+------+-----+---------+-------+
| Field       | Type         | Null | Key | Default | Extra |
+-------------+--------------+------+-----+---------+-------+
| empid       | int(11)      | NO   | PRI | NULL    |       |
| name        | varchar(100) | NO   |     | NULL    |       |
| mobileno    | int(11)      | YES  | UNI | NULL    |       |
| dob         | date         | YES  |     | NULL    |       |
| age         | int(11)      | YES  |     | NULL    |       |
| doj         | date         | YES  |     | NULL    |       |
| bloodgroup  | varchar(50)  | YES  |     | NULL    |       |
| deptno      | int(11)      | YES  |     | NULL    |       |
| salary      | int(11)      | YES  |     | NULL    |       |
| email       | varchar(170) | YES  |     | NULL    |       |
| gender      | varchar(100) | YES  |     | NULL    |       |
| designation | varchar(100) | YES  |     | NULL    |       |
+-------------+--------------+------+-----+---------+-------+
12 rows in set (0.00 sec)

mysql> select * from emp;
+-------+--------+-----------+------------+------+------------+------------+--------+--------+-------------------------+--------+------------------+
| empid | name   | mobileno  | dob        | age  | doj        | bloodgroup | deptno | salary | email                   | gender | designation      |
+-------+--------+-----------+------------+------+------------+------------+--------+--------+-------------------------+--------+------------------+
|     1 | raj    | 983815625 | 1996-10-10 |   23 | 2016-04-04 | o positive |     10 |  20000 | rajsingh97@gmail.com    | female | sofware devloper |
|     2 | raju   | 833815625 | 1996-10-10 |   22 | 2016-04-04 | a positive |     10 |  50000 | rajusingh97@gmail.com   | male   | hr               |
|     3 | rajan  |  74338125 | 1993-10-05 |   29 | 2016-04-04 | b positive |     10 |  17000 | rajansingh97@gmail.com  | male   | tester           |
|     4 | rajesh |  74300125 | 1994-10-05 |   29 | 2018-04-04 | b negative |     20 |  22000 | rajeshverma97@gmail.com | male   | clerk            |
|     5 | suresh |  74363472 | 1994-09-08 |   29 | 2018-07-02 | a negative |     20 |  28000 | sureshverma97@gmail.com | male   | clerk            |
|     6 | sita   |  94363472 | 1992-07-08 |   29 | 2019-07-02 | b negative |     40 |  70000 | sitaverma66@gmail.com   | female | manager          |
|     7 | amrita |   9963472 | 1992-07-08 |   22 | 2019-07-02 | b negative |     50 |  70000 | amritaangel66@gmail.com | female | manager          |
|     8 | bhavya |   8363472 | 1987-04-08 |   40 | 2019-07-02 | o positove |     50 |  10000 | bhavy1987@gmail.com     | female | tech support     |
|     9 | ritik  |   7736342 | 1992-04-20 |   25 | 2018-08-22 | o positove |     40 |  28000 | ritik999@gmail.com      | male   | tester           |
|    10 | sarika |   9239239 | 1995-04-28 |   28 | 2017-12-22 | b positove |     30 |  32000 | sarika999@gmail.com     | female | tester           |
+-------+--------+-----------+------------+------+------------+------------+--------+--------+-------------------------+--------+------------------+
10 rows in set (0.00 sec)

mysql> alter table emp change column mobileno to contactno int(13);
ERROR 1064 (42000): You have an error in your SQL syntax; check the manual that corresponds to your MySQL server version for the right syntax to use near 'to contactno int(13)' at line 1
mysql> alter table emp change column mobileno to contactno bigint;
ERROR 1064 (42000): You have an error in your SQL syntax; check the manual that corresponds to your MySQL server version for the right syntax to use near 'to contactno bigint' at line 1
mysql> alter table emp modify column mobileno to contactno bigint;
ERROR 1064 (42000): You have an error in your SQL syntax; check the manual that corresponds to your MySQL server version for the right syntax to use near 'to contactno bigint' at line 1
mysql> alter table emp modify column contactno bigint;
ERROR 1054 (42S22): Unknown column 'contactno' in 'emp'
mysql> alter table emp modify column mobileno bigint;
Query OK, 10 rows affected (1.59 sec)
Records: 10  Duplicates: 0  Warnings: 0

mysql> select * from emp;
+-------+--------+-----------+------------+------+------------+------------+--------+--------+-------------------------+--------+------------------+
| empid | name   | mobileno  | dob        | age  | doj        | bloodgroup | deptno | salary | email                   | gender | designation      |
+-------+--------+-----------+------------+------+------------+------------+--------+--------+-------------------------+--------+------------------+
|     1 | raj    | 983815625 | 1996-10-10 |   23 | 2016-04-04 | o positive |     10 |  20000 | rajsingh97@gmail.com    | female | sofware devloper |
|     2 | raju   | 833815625 | 1996-10-10 |   22 | 2016-04-04 | a positive |     10 |  50000 | rajusingh97@gmail.com   | male   | hr               |
|     3 | rajan  |  74338125 | 1993-10-05 |   29 | 2016-04-04 | b positive |     10 |  17000 | rajansingh97@gmail.com  | male   | tester           |
|     4 | rajesh |  74300125 | 1994-10-05 |   29 | 2018-04-04 | b negative |     20 |  22000 | rajeshverma97@gmail.com | male   | clerk            |
|     5 | suresh |  74363472 | 1994-09-08 |   29 | 2018-07-02 | a negative |     20 |  28000 | sureshverma97@gmail.com | male   | clerk            |
|     6 | sita   |  94363472 | 1992-07-08 |   29 | 2019-07-02 | b negative |     40 |  70000 | sitaverma66@gmail.com   | female | manager          |
|     7 | amrita |   9963472 | 1992-07-08 |   22 | 2019-07-02 | b negative |     50 |  70000 | amritaangel66@gmail.com | female | manager          |
|     8 | bhavya |   8363472 | 1987-04-08 |   40 | 2019-07-02 | o positove |     50 |  10000 | bhavy1987@gmail.com     | female | tech support     |
|     9 | ritik  |   7736342 | 1992-04-20 |   25 | 2018-08-22 | o positove |     40 |  28000 | ritik999@gmail.com      | male   | tester           |
|    10 | sarika |   9239239 | 1995-04-28 |   28 | 2017-12-22 | b positove |     30 |  32000 | sarika999@gmail.com     | female | tester           |
+-------+--------+-----------+------------+------+------------+------------+--------+--------+-------------------------+--------+------------------+
10 rows in set (0.00 sec)

mysql> show datbases;
ERROR 1064 (42000): You have an error in your SQL syntax; check the manual that corresponds to your MySQL server version for the right syntax to use near 'datbases' at line 1
mysql> show databases;
+--------------------+
| Database           |
+--------------------+
| information_schema |
| emp                |
| employee           |
| mysql              |
| performance_schema |
| sakila             |
| sys                |
| ust_db             |
| world              |
+--------------------+
9 rows in set (0.05 sec)

mysql> use sys;
Database changed
mysql> show tables;
+-----------------------------------------------+
| Tables_in_sys                                 |
+-----------------------------------------------+
| host_summary                                  |
| host_summary_by_file_io                       |
| host_summary_by_file_io_type                  |
| host_summary_by_stages                        |
| host_summary_by_statement_latency             |
| host_summary_by_statement_type                |
| innodb_buffer_stats_by_schema                 |
| innodb_buffer_stats_by_table                  |
| innodb_lock_waits                             |
| io_by_thread_by_latency                       |
| io_global_by_file_by_bytes                    |
| io_global_by_file_by_latency                  |
| io_global_by_wait_by_bytes                    |
| io_global_by_wait_by_latency                  |
| latest_file_io                                |
| memory_by_host_by_current_bytes               |
| memory_by_thread_by_current_bytes             |
| memory_by_user_by_current_bytes               |
| memory_global_by_current_bytes                |
| memory_global_total                           |
| metrics                                       |
| processlist                                   |
| ps_check_lost_instrumentation                 |
| schema_auto_increment_columns                 |
| schema_index_statistics                       |
| schema_object_overview                        |
| schema_redundant_indexes                      |
| schema_table_lock_waits                       |
| schema_table_statistics                       |
| schema_table_statistics_with_buffer           |
| schema_tables_with_full_table_scans           |
| schema_unused_indexes                         |
| session                                       |
| session_ssl_status                            |
| statement_analysis                            |
| statements_with_errors_or_warnings            |
| statements_with_full_table_scans              |
| statements_with_runtimes_in_95th_percentile   |
| statements_with_sorting                       |
| statements_with_temp_tables                   |
| sys_config                                    |
| user_summary                                  |
| user_summary_by_file_io                       |
| user_summary_by_file_io_type                  |
| user_summary_by_stages                        |
| user_summary_by_statement_latency             |
| user_summary_by_statement_type                |
| version                                       |
| wait_classes_global_by_avg_latency            |
| wait_classes_global_by_latency                |
| waits_by_host_by_latency                      |
| waits_by_user_by_latency                      |
| waits_global_by_latency                       |
| x$host_summary                                |
| x$host_summary_by_file_io                     |
| x$host_summary_by_file_io_type                |
| x$host_summary_by_stages                      |
| x$host_summary_by_statement_latency           |
| x$host_summary_by_statement_type              |
| x$innodb_buffer_stats_by_schema               |
| x$innodb_buffer_stats_by_table                |
| x$innodb_lock_waits                           |
| x$io_by_thread_by_latency                     |
| x$io_global_by_file_by_bytes                  |
| x$io_global_by_file_by_latency                |
| x$io_global_by_wait_by_bytes                  |
| x$io_global_by_wait_by_latency                |
| x$latest_file_io                              |
| x$memory_by_host_by_current_bytes             |
| x$memory_by_thread_by_current_bytes           |
| x$memory_by_user_by_current_bytes             |
| x$memory_global_by_current_bytes              |
| x$memory_global_total                         |
| x$processlist                                 |
| x$ps_digest_95th_percentile_by_avg_us         |
| x$ps_digest_avg_latency_distribution          |
| x$ps_schema_table_statistics_io               |
| x$schema_flattened_keys                       |
| x$schema_index_statistics                     |
| x$schema_table_lock_waits                     |
| x$schema_table_statistics                     |
| x$schema_table_statistics_with_buffer         |
| x$schema_tables_with_full_table_scans         |
| x$session                                     |
| x$statement_analysis                          |
| x$statements_with_errors_or_warnings          |
| x$statements_with_full_table_scans            |
| x$statements_with_runtimes_in_95th_percentile |
| x$statements_with_sorting                     |
| x$statements_with_temp_tables                 |
| x$user_summary                                |
| x$user_summary_by_file_io                     |
| x$user_summary_by_file_io_type                |
| x$user_summary_by_stages                      |
| x$user_summary_by_statement_latency           |
| x$user_summary_by_statement_type              |
| x$wait_classes_global_by_avg_latency          |
| x$wait_classes_global_by_latency              |
| x$waits_by_host_by_latency                    |
| x$waits_by_user_by_latency                    |
| x$waits_global_by_latency                     |
+-----------------------------------------------+
101 rows in set (0.00 sec)

mysql> show databases;
+--------------------+
| Database           |
+--------------------+
| information_schema |
| emp                |
| employee           |
| mysql              |
| performance_schema |
| sakila             |
| sys                |
| ust_db             |
| world              |
+--------------------+
9 rows in set (0.00 sec)

mysql> use world;
Database changed
mysql> show tables;
+-----------------+
| Tables_in_world |
+-----------------+
| city            |
| country         |
| countrylanguage |
+-----------------+
3 rows in set (0.00 sec)

mysql> truncate table city;
Query OK, 0 rows affected (0.63 sec)

mysql> show tables;
+-----------------+
| Tables_in_world |
+-----------------+
| city            |
| country         |
| countrylanguage |
+-----------------+
3 rows in set (0.00 sec)

mysql> show database;
ERROR 1064 (42000): You have an error in your SQL syntax; check the manual that corresponds to your MySQL server version for the right syntax to use near 'database' at line 1
mysql> show databases;
+--------------------+
| Database           |
+--------------------+
| information_schema |
| emp                |
| employee           |
| mysql              |
| performance_schema |
| sakila             |
| sys                |
| ust_db             |
| world              |
+--------------------+
9 rows in set (0.00 sec)

mysql> use employee;
Database changed
mysql> select* from emp;
+-------+--------+-----------+------------+------+------------+------------+--------+--------+-------------------------+--------+------------------+
| empid | name   | mobileno  | dob        | age  | doj        | bloodgroup | deptno | salary | email                   | gender | designation      |
+-------+--------+-----------+------------+------+------------+------------+--------+--------+-------------------------+--------+------------------+
|     1 | raj    | 983815625 | 1996-10-10 |   23 | 2016-04-04 | o positive |     10 |  20000 | rajsingh97@gmail.com    | female | sofware devloper |
|     2 | raju   | 833815625 | 1996-10-10 |   22 | 2016-04-04 | a positive |     10 |  50000 | rajusingh97@gmail.com   | male   | hr               |
|     3 | rajan  |  74338125 | 1993-10-05 |   29 | 2016-04-04 | b positive |     10 |  17000 | rajansingh97@gmail.com  | male   | tester           |
|     4 | rajesh |  74300125 | 1994-10-05 |   29 | 2018-04-04 | b negative |     20 |  22000 | rajeshverma97@gmail.com | male   | clerk            |
|     5 | suresh |  74363472 | 1994-09-08 |   29 | 2018-07-02 | a negative |     20 |  28000 | sureshverma97@gmail.com | male   | clerk            |
|     6 | sita   |  94363472 | 1992-07-08 |   29 | 2019-07-02 | b negative |     40 |  70000 | sitaverma66@gmail.com   | female | manager          |
|     7 | amrita |   9963472 | 1992-07-08 |   22 | 2019-07-02 | b negative |     50 |  70000 | amritaangel66@gmail.com | female | manager          |
|     8 | bhavya |   8363472 | 1987-04-08 |   40 | 2019-07-02 | o positove |     50 |  10000 | bhavy1987@gmail.com     | female | tech support     |
|     9 | ritik  |   7736342 | 1992-04-20 |   25 | 2018-08-22 | o positove |     40 |  28000 | ritik999@gmail.com      | male   | tester           |
|    10 | sarika |   9239239 | 1995-04-28 |   28 | 2017-12-22 | b positove |     30 |  32000 | sarika999@gmail.com     | female | tester           |
+-------+--------+-----------+------------+------+------------+------------+--------+--------+-------------------------+--------+------------------+
10 rows in set (0.00 sec)

mysql> select distict designation from emp;
ERROR 1054 (42S22): Unknown column 'distict' in 'field list'
mysql> select distinct designation from emp;
+------------------+
| designation      |
+------------------+
| sofware devloper |
| hr               |
| tester           |
| clerk            |
| manager          |
| tech support     |
+------------------+
6 rows in set (0.03 sec)

mysql> select distinct designation,deptno from emp;
+------------------+--------+
| designation      | deptno |
+------------------+--------+
| sofware devloper |     10 |
| hr               |     10 |
| tester           |     10 |
| clerk            |     20 |
| manager          |     40 |
| manager          |     50 |
| tech support     |     50 |
| tester           |     40 |
| tester           |     30 |
+------------------+--------+
9 rows in set (0.00 sec)


mysql> select mobileno as contact from emp;
+-----------+
| contact   |
+-----------+
|   7736342 |
|   8363472 |
|   9239239 |
|   9963472 |
|  74300125 |
|  74338125 |
|  74363472 |
|  94363472 |
| 833815625 |
| 983815625 |
+-----------+
10 rows in set (1.03 sec)

mysql> select name ename from emp;
+--------+
| ename  |
+--------+
| raj    |
| raju   |
| rajan  |
| rajesh |
| suresh |
| sita   |
| amrita |
| bhavya |
| ritik  |
| sarika |
+--------+
10 rows in set (0.05 sec)
mysql> select * from emp;
+-------+--------+-----------+------------+------+------------+------------+--------+--------+-------------------------+--------+------------------+
| empid | name   | mobileno  | dob        | age  | doj        | bloodgroup | deptno | salary | email                   | gender | designation      |
+-------+--------+-----------+------------+------+------------+------------+--------+--------+-------------------------+--------+------------------+
|     1 | raj    | 983815625 | 1996-10-10 |   23 | 2016-04-04 | o positive |     10 |  20000 | rajsingh97@gmail.com    | female | sofware devloper |
|     2 | raju   | 833815625 | 1996-10-10 |   22 | 2016-04-04 | a positive |     10 |  50000 | rajusingh97@gmail.com   | male   | hr               |
|     3 | rajan  |  74338125 | 1993-10-05 |   29 | 2016-04-04 | b positive |     10 |  17000 | rajansingh97@gmail.com  | male   | tester           |
|     4 | rajesh |  74300125 | 1994-10-05 |   29 | 2018-04-04 | b negative |     20 |  22000 | rajeshverma97@gmail.com | male   | clerk            |
|     5 | suresh |  74363472 | 1994-09-08 |   29 | 2018-07-02 | a negative |     20 |  28000 | sureshverma97@gmail.com | male   | clerk            |
|     6 | sita   |  94363472 | 1992-07-08 |   29 | 2019-07-02 | b negative |     40 |  70000 | sitaverma66@gmail.com   | female | manager          |
|     7 | amrita |   9963472 | 1992-07-08 |   22 | 2019-07-02 | b negative |     50 |  70000 | amritaangel66@gmail.com | female | manager          |
|     8 | bhavya |   8363472 | 1987-04-08 |   40 | 2019-07-02 | o positove |     50 |  10000 | bhavy1987@gmail.com     | female | tech support     |
|     9 | ritik  |   7736342 | 1992-04-20 |   25 | 2018-08-22 | o positove |     40 |  28000 | ritik999@gmail.com      | male   | tester           |
|    10 | sarika |   9239239 | 1995-04-28 |   28 | 2017-12-22 | b positove |     30 |  32000 | sarika999@gmail.com     | female | tester           |
+-------+--------+-----------+------------+------+------------+------------+--------+--------+-------------------------+--------+------------------+
10 rows in set (0.11 sec)


mysql> update emp set mobileno = 9918283463 where empid=2;
Query OK, 1 row affected (0.06 sec)
Rows matched: 1  Changed: 1  Warnings: 0

mysql> select * from emp;
+-------+--------+------------+------------+------+------------+------------+--------+--------+-------------------------+--------+------------------+
| empid | name   | mobileno   | dob        | age  | doj        | bloodgroup | deptno | salary | email                   | gender | designation      |
+-------+--------+------------+------------+------+------------+------------+--------+--------+-------------------------+--------+------------------+
|     1 | raj    |  983815625 | 1996-10-10 |   23 | 2016-04-04 | o positive |     10 |  20000 | rajsingh97@gmail.com    | female | sofware devloper |
|     2 | raju   | 9918283463 | 1996-10-10 |   22 | 2016-04-04 | a positive |     10 |  50000 | rajusingh97@gmail.com   | male   | hr               |
|     3 | rajan  |   74338125 | 1993-10-05 |   29 | 2016-04-04 | b positive |     10 |  17000 | rajansingh97@gmail.com  | male   | tester           |
|     4 | rajesh |   74300125 | 1994-10-05 |   29 | 2018-04-04 | b negative |     20 |  22000 | rajeshverma97@gmail.com | male   | clerk            |
|     5 | suresh |   74363472 | 1994-09-08 |   29 | 2018-07-02 | a negative |     20 |  28000 | sureshverma97@gmail.com | male   | clerk            |
|     6 | sita   |   94363472 | 1992-07-08 |   29 | 2019-07-02 | b negative |     40 |  70000 | sitaverma66@gmail.com   | female | manager          |
|     7 | amrita |    9963472 | 1992-07-08 |   22 | 2019-07-02 | b negative |     50 |  70000 | amritaangel66@gmail.com | female | manager          |
|     8 | bhavya |    8363472 | 1987-04-08 |   40 | 2019-07-02 | o positove |     50 |  10000 | bhavy1987@gmail.com     | female | tech support     |
|     9 | ritik  |    7736342 | 1992-04-20 |   25 | 2018-08-22 | o positove |     40 |  28000 | ritik999@gmail.com      | male   | tester           |
|    10 | sarika |    9239239 | 1995-04-28 |   28 | 2017-12-22 | b positove |     30 |  32000 | sarika999@gmail.com     | female | tester           |
+-------+--------+------------+------------+------+------------+------------+--------+--------+-------------------------+--------+------------------+
10 rows in set (0.00 sec)
mysql> delete   from emp where empid=5;
Query OK, 1 row affected (0.09 sec)

mysql> select * from emp;
+-------+--------+------------+------------+------+------------+------------+--------+--------+-------------------------+--------+------------------+
| empid | name   | mobileno   | dob        | age  | doj        | bloodgroup | deptno | salary | email                   | gender | designation      |
+-------+--------+------------+------------+------+------------+------------+--------+--------+-------------------------+--------+------------------+
|     1 | raj    |  983815625 | 1996-10-10 |   23 | 2016-04-04 | o positive |     10 |  20000 | rajsingh97@gmail.com    | female | sofware devloper |
|     2 | raju   | 9918283463 | 1996-10-10 |   22 | 2016-04-04 | a positive |     10 |  50000 | rajusingh97@gmail.com   | male   | hr               |
|     3 | rajan  |   74338125 | 1993-10-05 |   29 | 2016-04-04 | b positive |     10 |  17000 | rajansingh97@gmail.com  | male   | tester           |
|     4 | rajesh |   74300125 | 1994-10-05 |   29 | 2018-04-04 | b negative |     20 |  22000 | rajeshverma97@gmail.com | male   | clerk            |
|     6 | sita   |   94363472 | 1992-07-08 |   29 | 2019-07-02 | b negative |     40 |  70000 | sitaverma66@gmail.com   | female | manager          |
|     7 | amrita |    9963472 | 1992-07-08 |   22 | 2019-07-02 | b negative |     50 |  70000 | amritaangel66@gmail.com | female | manager          |
|     8 | bhavya |    8363472 | 1987-04-08 |   40 | 2019-07-02 | o positove |     50 |  10000 | bhavy1987@gmail.com     | female | tech support     |
|     9 | ritik  |    7736342 | 1992-04-20 |   25 | 2018-08-22 | o positove |     40 |  28000 | ritik999@gmail.com      | male   | tester           |
|    10 | sarika |    9239239 | 1995-04-28 |   28 | 2017-12-22 | b positove |     30 |  32000 | sarika999@gmail.com     | female | tester           |
+-------+--------+------------+------------+------+------------+------------+--------+--------+-------------------------+--------+------------------+
9 rows in set (0.00 sec)


mysql> select salary as sal from emp where sal=sal+5000;
ERROR 1054 (42S22): Unknown column 'sal' in 'where clause'
mysql> select salary+5000 from emp ;
+-------------+
| salary+5000 |
+-------------+
|       25000 |
|       55000 |
|       22000 |
|       27000 |
|       75000 |
|       75000 |
|       15000 |
|       33000 |
|       37000 |
+-------------+
9 rows in set (0.03 sec)

mysql> select salary-5000 from emp ;
+-------------+
| salary-5000 |
+-------------+
|       15000 |
|       45000 |
|       12000 |
|       17000 |
|       65000 |
|       65000 |
|        5000 |
|       23000 |
|       27000 |
+-------------+
9 rows in set (0.00 sec)

mysql> select salary*12 sal from emp ;
+--------+
| sal    |
+--------+
| 240000 |
| 600000 |
| 204000 |
| 264000 |
| 840000 |
| 840000 |
| 120000 |
| 336000 |
| 384000 |
+--------+
9 rows in set (0.01 sec)

mysql> select salary/30 sal from emp ;
+-----------+
| sal       |
+-----------+
|  666.6667 |
| 1666.6667 |
|  566.6667 |
|  733.3333 |
| 2333.3333 |
| 2333.3333 |
|  333.3333 |
|  933.3333 |
| 1066.6667 |
+-----------+
9 rows in set (0.06 sec)

mysql> select * from emp where designation='software developer' ;
Empty set (0.05 sec)

mysql> select * from emp where designation='sofware developer' ;
Empty set (0.00 sec)

mysql> select * from emp where designation='sofware devloper' ;
+-------+------+-----------+------------+------+------------+------------+--------+--------+----------------------+--------+------------------+
| empid | name | mobileno  | dob        | age  | doj        | bloodgroup | deptno | salary | email                | gender | designation      |
+-------+------+-----------+------------+------+------------+------------+--------+--------+----------------------+--------+------------------+
|     1 | raj  | 983815625 | 1996-10-10 |   23 | 2016-04-04 | o positive |     10 |  20000 | rajsingh97@gmail.com | female | sofware devloper |
+-------+------+-----------+------------+------+------------+------------+--------+--------+----------------------+--------+------------------+
1 row in set (0.00 sec)

mysql> select * from emp where deptno!= 20;
+-------+--------+------------+------------+------+------------+------------+--------+--------+-------------------------+--------+------------------+
| empid | name   | mobileno   | dob        | age  | doj        | bloodgroup | deptno | salary | email                   | gender | designation      |
+-------+--------+------------+------------+------+------------+------------+--------+--------+-------------------------+--------+------------------+
|     1 | raj    |  983815625 | 1996-10-10 |   23 | 2016-04-04 | o positive |     10 |  20000 | rajsingh97@gmail.com    | female | sofware devloper |
|     2 | raju   | 9918283463 | 1996-10-10 |   22 | 2016-04-04 | a positive |     10 |  50000 | rajusingh97@gmail.com   | male   | hr               |
|     3 | rajan  |   74338125 | 1993-10-05 |   29 | 2016-04-04 | b positive |     10 |  17000 | rajansingh97@gmail.com  | male   | tester           |
|     6 | sita   |   94363472 | 1992-07-08 |   29 | 2019-07-02 | b negative |     40 |  70000 | sitaverma66@gmail.com   | female | manager          |
|     7 | amrita |    9963472 | 1992-07-08 |   22 | 2019-07-02 | b negative |     50 |  70000 | amritaangel66@gmail.com | female | manager          |
|     8 | bhavya |    8363472 | 1987-04-08 |   40 | 2019-07-02 | o positove |     50 |  10000 | bhavy1987@gmail.com     | female | tech support     |
|     9 | ritik  |    7736342 | 1992-04-20 |   25 | 2018-08-22 | o positove |     40 |  28000 | ritik999@gmail.com      | male   | tester           |
|    10 | sarika |    9239239 | 1995-04-28 |   28 | 2017-12-22 | b positove |     30 |  32000 | sarika999@gmail.com     | female | tester           |
+-------+--------+------------+------------+------+------------+------------+--------+--------+-------------------------+--------+------------------+
8 rows in set (0.00 sec)


mysql> select salary as sal from emp where sal=sal+5000;
ERROR 1054 (42S22): Unknown column 'sal' in 'where clause'
mysql> select salary+5000 from emp ;
+-------------+
| salary+5000 |
+-------------+
|       25000 |
|       55000 |
|       22000 |
|       27000 |
|       75000 |
|       75000 |
|       15000 |
|       33000 |
|       37000 |
+-------------+
9 rows in set (0.03 sec)

mysql> select salary-5000 from emp ;
+-------------+
| salary-5000 |
+-------------+
|       15000 |
|       45000 |
|       12000 |
|       17000 |
|       65000 |
|       65000 |
|        5000 |
|       23000 |
|       27000 |
+-------------+
9 rows in set (0.00 sec)

mysql> select salary*12 sal from emp ;
+--------+
| sal    |
+--------+
| 240000 |
| 600000 |
| 204000 |
| 264000 |
| 840000 |
| 840000 |
| 120000 |
| 336000 |
| 384000 |
+--------+
9 rows in set (0.01 sec)

mysql> select salary/30 sal from emp ;
+-----------+
| sal       |
+-----------+
|  666.6667 |
| 1666.6667 |
|  566.6667 |
|  733.3333 |
| 2333.3333 |
| 2333.3333 |
|  333.3333 |
|  933.3333 |
| 1066.6667 |
+-----------+
9 rows in set (0.06 sec)

mysql> select * from emp where designation='software developer' ;
Empty set (0.05 sec)

mysql> select * from emp where designation='sofware developer' ;
Empty set (0.00 sec)

mysql> select * from emp where designation='sofware devloper' ;
+-------+------+-----------+------------+------+------------+------------+--------+--------+----------------------+--------+------------------+
| empid | name | mobileno  | dob        | age  | doj        | bloodgroup | deptno | salary | email                | gender | designation      |
+-------+------+-----------+------------+------+------------+------------+--------+--------+----------------------+--------+------------------+
|     1 | raj  | 983815625 | 1996-10-10 |   23 | 2016-04-04 | o positive |     10 |  20000 | rajsingh97@gmail.com | female | sofware devloper |
+-------+------+-----------+------------+------+------------+------------+--------+--------+----------------------+--------+------------------+
1 row in set (0.00 sec)

mysql> select * from emp where deptno!= 20;
+-------+--------+------------+------------+------+------------+------------+--------+--------+-------------------------+--------+------------------+
| empid | name   | mobileno   | dob        | age  | doj        | bloodgroup | deptno | salary | email                   | gender | designation      |
+-------+--------+------------+------------+------+------------+------------+--------+--------+-------------------------+--------+------------------+
|     1 | raj    |  983815625 | 1996-10-10 |   23 | 2016-04-04 | o positive |     10 |  20000 | rajsingh97@gmail.com    | female | sofware devloper |
|     2 | raju   | 9918283463 | 1996-10-10 |   22 | 2016-04-04 | a positive |     10 |  50000 | rajusingh97@gmail.com   | male   | hr               |
|     3 | rajan  |   74338125 | 1993-10-05 |   29 | 2016-04-04 | b positive |     10 |  17000 | rajansingh97@gmail.com  | male   | tester           |
|     6 | sita   |   94363472 | 1992-07-08 |   29 | 2019-07-02 | b negative |     40 |  70000 | sitaverma66@gmail.com   | female | manager          |
|     7 | amrita |    9963472 | 1992-07-08 |   22 | 2019-07-02 | b negative |     50 |  70000 | amritaangel66@gmail.com | female | manager          |
|     8 | bhavya |    8363472 | 1987-04-08 |   40 | 2019-07-02 | o positove |     50 |  10000 | bhavy1987@gmail.com     | female | tech support     |
|     9 | ritik  |    7736342 | 1992-04-20 |   25 | 2018-08-22 | o positove |     40 |  28000 | ritik999@gmail.com      | male   | tester           |
|    10 | sarika |    9239239 | 1995-04-28 |   28 | 2017-12-22 | b positove |     30 |  32000 | sarika999@gmail.com     | female | tester           |
+-------+--------+------------+------------+------+------------+------------+--------+--------+-------------------------+--------+------------------+
8 rows in set (0.00 )

mysql> select from emp where empid=2;
ERROR 1064 (42000): You have an error in your SQL syntax; check the manual that corresponds to your MySQL server version for the right syntax to use near 'from emp where empid=2' at line 1
mysql> select* from emp where empid =4;
+-------+--------+----------+------------+------+------------+------------+--------+--------+-------------------------+--------+-------------+
| empid | name   | mobileno | dob        | age  | doj        | bloodgroup | deptno | salary | email                   | gender | designation |
+-------+--------+----------+------------+------+------------+------------+--------+--------+-------------------------+--------+-------------+
|     4 | rajesh | 74300125 | 1994-10-05 |   29 | 2018-04-04 | b negative |     20 |  22000 | rajeshverma97@gmail.com | male   | clerk       |
+-------+--------+----------+------------+------+------------+------------+--------+--------+-------------------------+--------+-------------+
1 row in set (0.03 sec)

mysql> select salary as sal from emp where sal=sal+5000;
ERROR 1054 (42S22): Unknown column 'sal' in 'where clause'
mysql> select salary+5000 from emp ;
+-------------+
| salary+5000 |
+-------------+
|       25000 |
|       55000 |
|       22000 |
|       27000 |
|       75000 |
|       75000 |
|       15000 |
|       33000 |
|       37000 |
+-------------+
9 rows in set (0.03 sec)

mysql> select salary-5000 from emp ;
+-------------+
| salary-5000 |
+-------------+
|       15000 |
|       45000 |
|       12000 |
|       17000 |
|       65000 |
|       65000 |
|        5000 |
|       23000 |
|       27000 |
+-------------+
9 rows in set (0.00 sec)

mysql> select salary*12 sal from emp ;
+--------+
| sal    |
+--------+
| 240000 |
| 600000 |
| 204000 |
| 264000 |
| 840000 |
| 840000 |
| 120000 |
| 336000 |
| 384000 |
+--------+
9 rows in set (0.01 sec)

mysql> select salary/30 sal from emp ;
+-----------+
| sal       |
+-----------+
|  666.6667 |
| 1666.6667 |
|  566.6667 |
|  733.3333 |
| 2333.3333 |
| 2333.3333 |
|  333.3333 |
|  933.3333 |
| 1066.6667 |
+-----------+
9 rows in set (0.06 sec)

mysql> select * from emp where designation='software developer' ;
Empty set (0.05 sec)

mysql> select * from emp where designation='sofware developer' ;
Empty set (0.00 sec)

mysql> select * from emp where designation='sofware devloper' ;
+-------+------+-----------+------------+------+------------+------------+--------+--------+----------------------+--------+------------------+
| empid | name | mobileno  | dob        | age  | doj        | bloodgroup | deptno | salary | email                | gender | designation      |
+-------+------+-----------+------------+------+------------+------------+--------+--------+----------------------+--------+------------------+
|     1 | raj  | 983815625 | 1996-10-10 |   23 | 2016-04-04 | o positive |     10 |  20000 | rajsingh97@gmail.com | female | sofware devloper |
+-------+------+-----------+------------+------+------------+------------+--------+--------+----------------------+--------+------------------+
1 row in set (0.00 sec)

mysql> select * from emp where deptno!= 20;
+-------+--------+------------+------------+------+------------+------------+--------+--------+-------------------------+--------+------------------+
| empid | name   | mobileno   | dob        | age  | doj        | bloodgroup | deptno | salary | email                   | gender | designation      |
+-------+--------+------------+------------+------+------------+------------+--------+--------+-------------------------+--------+------------------+
|     1 | raj    |  983815625 | 1996-10-10 |   23 | 2016-04-04 | o positive |     10 |  20000 | rajsingh97@gmail.com    | female | sofware devloper |
|     2 | raju   | 9918283463 | 1996-10-10 |   22 | 2016-04-04 | a positive |     10 |  50000 | rajusingh97@gmail.com   | male   | hr               |
|     3 | rajan  |   74338125 | 1993-10-05 |   29 | 2016-04-04 | b positive |     10 |  17000 | rajansingh97@gmail.com  | male   | tester           |
|     6 | sita   |   94363472 | 1992-07-08 |   29 | 2019-07-02 | b negative |     40 |  70000 | sitaverma66@gmail.com   | female | manager          |
|     7 | amrita |    9963472 | 1992-07-08 |   22 | 2019-07-02 | b negative |     50 |  70000 | amritaangel66@gmail.com | female | manager          |
|     8 | bhavya |    8363472 | 1987-04-08 |   40 | 2019-07-02 | o positove |     50 |  10000 | bhavy1987@gmail.com     | female | tech support     |
|     9 | ritik  |    7736342 | 1992-04-20 |   25 | 2018-08-22 | o positove |     40 |  28000 | ritik999@gmail.com      | male   | tester           |
|    10 | sarika |    9239239 | 1995-04-28 |   28 | 2017-12-22 | b positove |     30 |  32000 | sarika999@gmail.com     | female | tester           |
+-------+--------+------------+------------+------+------------+------------+--------+--------+-------------------------+--------+------------------+
8 rows in set (0.00 sec)

mysql> select * from emp where sal>50000;
ERROR 1054 (42S22): Unknown column 'sal' in 'where clause'
mysql> select * from emp where salary>50000;
+-------+--------+----------+------------+------+------------+------------+--------+--------+-------------------------+--------+-------------+
| empid | name   | mobileno | dob        | age  | doj        | bloodgroup | deptno | salary | email                   | gender | designation |
+-------+--------+----------+------------+------+------------+------------+--------+--------+-------------------------+--------+-------------+
|     6 | sita   | 94363472 | 1992-07-08 |   29 | 2019-07-02 | b negative |     40 |  70000 | sitaverma66@gmail.com   | female | manager     |
|     7 | amrita |  9963472 | 1992-07-08 |   22 | 2019-07-02 | b negative |     50 |  70000 | amritaangel66@gmail.com | female | manager     |
+-------+--------+----------+------------+------+------------+------------+--------+--------+-------------------------+--------+-------------+
2 rows in set (0.00 sec)

mysql> select * from emp where age<30;
+-------+--------+------------+------------+------+------------+------------+--------+--------+-------------------------+--------+------------------+
| empid | name   | mobileno   | dob        | age  | doj        | bloodgroup | deptno | salary | email                   | gender | designation      |
+-------+--------+------------+------------+------+------------+------------+--------+--------+-------------------------+--------+------------------+
|     1 | raj    |  983815625 | 1996-10-10 |   23 | 2016-04-04 | o positive |     10 |  20000 | rajsingh97@gmail.com    | female | sofware devloper |
|     2 | raju   | 9918283463 | 1996-10-10 |   22 | 2016-04-04 | a positive |     10 |  50000 | rajusingh97@gmail.com   | male   | hr               |
|     3 | rajan  |   74338125 | 1993-10-05 |   29 | 2016-04-04 | b positive |     10 |  17000 | rajansingh97@gmail.com  | male   | tester           |
|     4 | rajesh |   74300125 | 1994-10-05 |   29 | 2018-04-04 | b negative |     20 |  22000 | rajeshverma97@gmail.com | male   | clerk            |
|     6 | sita   |   94363472 | 1992-07-08 |   29 | 2019-07-02 | b negative |     40 |  70000 | sitaverma66@gmail.com   | female | manager          |
|     7 | amrita |    9963472 | 1992-07-08 |   22 | 2019-07-02 | b negative |     50 |  70000 | amritaangel66@gmail.com | female | manager          |
|     9 | ritik  |    7736342 | 1992-04-20 |   25 | 2018-08-22 | o positove |     40 |  28000 | ritik999@gmail.com      | male   | tester           |
|    10 | sarika |    9239239 | 1995-04-28 |   28 | 2017-12-22 | b positove |     30 |  32000 | sarika999@gmail.com     | female | tester           |
+-------+--------+------------+------------+------+------------+------------+--------+--------+-------------------------+--------+------------------+
8 rows in set (0.01 sec)

mysql> select * from emp where age<25;
+-------+--------+------------+------------+------+------------+------------+--------+--------+-------------------------+--------+------------------+
| empid | name   | mobileno   | dob        | age  | doj        | bloodgroup | deptno | salary | email                   | gender | designation      |
+-------+--------+------------+------------+------+------------+------------+--------+--------+-------------------------+--------+------------------+
|     1 | raj    |  983815625 | 1996-10-10 |   23 | 2016-04-04 | o positive |     10 |  20000 | rajsingh97@gmail.com    | female | sofware devloper |
|     2 | raju   | 9918283463 | 1996-10-10 |   22 | 2016-04-04 | a positive |     10 |  50000 | rajusingh97@gmail.com   | male   | hr               |
|     7 | amrita |    9963472 | 1992-07-08 |   22 | 2019-07-02 | b negative |     50 |  70000 | amritaangel66@gmail.com | female | manager          |
+-------+--------+------------+------------+------+------------+------------+--------+--------+-------------------------+--------+------------------+
3 rows in set (0.00 sec)

++++++++++++++++++++++++++++++++++++++++++++++++++++++++++++++++++++++++++++++++++++++++++++++++++++++++++++++++++++++++++++++++++++++++++++++++++++++++++++++++++++++++++++++++++++++++++++++++++++++++++++++++++++++++++++++++++++++++++++++++++++++++++++++++++++++++++++++++++++++++++++++++++++++*******************************************************************************************************************************************************************************************************************************************************************************************************&&&&&&&&&&&&&&&&&&&&&&&&&&&&&&&&&&&&&&&&&&&&&&&&&&&&&&&&&&&&&&&&&&&&&&&&&&&&&&&&&&&&&&&&&&&&&&&&&&&&&&&&&&&&&&&&&&&&&&&&&&&&&&&&&&&&&&&&&&&&&&&&&&&&&&&&&&&&&&&&&&&&&&&&&&&&&&&&&&&&&&&&&&&&&&&&&&&&&&&&&&&&&&&&&&&&&&&&&&&&&&&&&&&&&&&&&&&&&&&&&&&&&&&&&&&&&&&&&&&&&&&&&&&&&&&&&&&&&&&&&&&&&&&&&&&&&&&&&&&&&&&&&&&
mysql: [Warning] C:\Program Files\MySQL\MySQL Server 5.7\bin\mysql.exe: ignoring option '--no-beep' due to invalid value ''
Enter password: ****
Welcome to the MySQL monitor.  Commands end with ; or \g.
Your MySQL connection id is 3
Server version: 5.7.27-log MySQL Community Server (GPL)

Copyright (c) 2000, 2019, Oracle and/or its affiliates. All rights reserved.

Oracle is a registered trademark of Oracle Corporation and/or its
affiliates. Other names may be trademarks of their respective
owners.

Type 'help;' or '\h' for help. Type '\c' to clear the current input statement.

mysql> show databases;
+--------------------+
| Database           |
+--------------------+
| information_schema |
| mysql              |
| performance_schema |
| sakila             |
| sys                |
| world              |
+--------------------+
6 rows in set (0.00 sec)

mysql> create database emp;
Query OK, 1 row affected (0.00 sec)

mysql> show databases;
+--------------------+
| Database           |
+--------------------+
| information_schema |
| emp                |
| mysql              |
| performance_schema |
| sakila             |
| sys                |
| world              |
+--------------------+
7 rows in set (0.00 sec)

mysql> create database dummy;
Query OK, 1 row affected (0.03 sec)

mysql> create table product (pid int, pname varchar(100), quantity int);
ERROR 1046 (3D000): No database selected
mysql> use dummy;
Database changed
mysql> create table product (pid int, pname varchar(100), quantity int);
Query OK, 0 rows affected (0.41 sec)

mysql> show table;
ERROR 1064 (42000): You have an error in your SQL syntax; check the manual that corresponds to your MySQL server version for the right syntax to use near '' at line 1
mysql> show tables;
+-----------------+
| Tables_in_dummy |
+-----------------+
| product         |
+-----------------+
1 row in set (0.00 sec)

mysql> desc product;
+----------+--------------+------+-----+---------+-------+
| Field    | Type         | Null | Key | Default | Extra |
+----------+--------------+------+-----+---------+-------+
| pid      | int(11)      | YES  |     | NULL    |       |
| pname    | varchar(100) | YES  |     | NULL    |       |
| quantity | int(11)      | YES  |     | NULL    |       |
+----------+--------------+------+-----+---------+-------+
3 rows in set (0.00 sec)

mysql> drop database dummy;
Query OK, 1 row affected (0.36 sec)

mysql> show databases;
+--------------------+
| Database           |
+--------------------+
| information_schema |
| emp                |
| mysql              |
| performance_schema |
| sakila             |
| sys                |
| world              |
+--------------------+
7 rows in set (0.00 sec)

mysql> create database ust_db;
Query OK, 1 row affected (0.00 sec)

mysql> show databases;
+--------------------+
| Database           |
+--------------------+
| information_schema |
| emp                |
| mysql              |
| performance_schema |
| sakila             |
| sys                |
| ust_db             |
| world              |
+--------------------+
8 rows in set (0.00 sec)

mysql> use ust_db;
Database changed
mysql> show tables;
Empty set (0.00 sec)

mysql> create table product (pid int, pname varchar(100), quantity int);
Query OK, 0 rows affected (0.36 sec)

mysql> show tables;
+------------------+
| Tables_in_ust_db |
+------------------+
| product          |
+------------------+
1 row in set (0.00 sec)

mysql> desc product;
+----------+--------------+------+-----+---------+-------+
| Field    | Type         | Null | Key | Default | Extra |
+----------+--------------+------+-----+---------+-------+
| pid      | int(11)      | YES  |     | NULL    |       |
| pname    | varchar(100) | YES  |     | NULL    |       |
| quantity | int(11)      | YES  |     | NULL    |       |
+----------+--------------+------+-----+---------+-------+
3 rows in set (0.00 sec)

mysql> drop table product;
Query OK, 0 rows affected (0.25 sec)

mysql> show tables;
Empty set (0.00 sec)

mysql> create table product (pid int, pname varchar(100), quantity int);
Query OK, 0 rows affected (0.43 sec)

mysql> alter table product add colomn price int;
ERROR 1064 (42000): You have an error in your SQL syntax; check the manual that corresponds to your MySQL server version for the right syntax to use near 'price int' at line 1
mysql> alter table product add column price int;
Query OK, 0 rows affected (0.67 sec)
Records: 0  Duplicates: 0  Warnings: 0

mysql> show tables;
+------------------+
| Tables_in_ust_db |
+------------------+
| product          |
+------------------+
1 row in set (0.00 sec)

mysql> desc product;
+----------+--------------+------+-----+---------+-------+
| Field    | Type         | Null | Key | Default | Extra |
+----------+--------------+------+-----+---------+-------+
| pid      | int(11)      | YES  |     | NULL    |       |
| pname    | varchar(100) | YES  |     | NULL    |       |
| quantity | int(11)      | YES  |     | NULL    |       |
| price    | int(11)      | YES  |     | NULL    |       |
+----------+--------------+------+-----+---------+-------+
4 rows in set (0.00 sec)

mysql> alter table product change column price cost int;
Query OK, 0 rows affected (0.16 sec)
Records: 0  Duplicates: 0  Warnings: 0

mysql> desc product;
+----------+--------------+------+-----+---------+-------+
| Field    | Type         | Null | Key | Default | Extra |
+----------+--------------+------+-----+---------+-------+
| pid      | int(11)      | YES  |     | NULL    |       |
| pname    | varchar(100) | YES  |     | NULL    |       |
| quantity | int(11)      | YES  |     | NULL    |       |
| cost     | int(11)      | YES  |     | NULL    |       |
+----------+--------------+------+-----+---------+-------+
4 rows in set (0.00 sec)

mysql> alter table product drop column quantity;
Query OK, 0 rows affected (0.70 sec)
Records: 0  Duplicates: 0  Warnings: 0

mysql> desc product;
+-------+--------------+------+-----+---------+-------+
| Field | Type         | Null | Key | Default | Extra |
+-------+--------------+------+-----+---------+-------+
| pid   | int(11)      | YES  |     | NULL    |       |
| pname | varchar(100) | YES  |     | NULL    |       |
| cost  | int(11)      | YES  |     | NULL    |       |
+-------+--------------+------+-----+---------+-------+
3 rows in set (0.00 sec)

mysql> rename table product to product_info;
Query OK, 0 rows affected (0.28 sec)

mysql> show tables;
+------------------+
| Tables_in_ust_db |
+------------------+
| product_info     |
+------------------+
1 row in set (0.00 sec)

mysql> rename database ust_db to dummy;
ERROR 1064 (42000): You have an error in your SQL syntax; check the manual that corresponds to your MySQL server version for the right syntax to use near 'database ust_db to dummy' at line 1
mysql> i9
    ->
    -> ^C
mysql> desc product_info;
+-------+--------------+------+-----+---------+-------+
| Field | Type         | Null | Key | Default | Extra |
+-------+--------------+------+-----+---------+-------+
| pid   | int(11)      | YES  |     | NULL    |       |
| pname | varchar(100) | YES  |     | NULL    |       |
| cost  | int(11)      | YES  |     | NULL    |       |
+-------+--------------+------+-----+---------+-------+
3 rows in set (0.10 sec)

mysql> insert into table product_info(pid,pname,cost) values(1,mobile-mi,10000);
ERROR 1064 (42000): You have an error in your SQL syntax; check the manual that corresponds to your MySQL server version for the right syntax to use near 'table product_info(pid,pname,cost) values(1,mobile-mi,10000)' at line 1
mysql> insert into product_info(pid,pname,cost) values(1,mobile-mi,10000);
ERROR 1054 (42S22): Unknown column 'mobile' in 'field list'
mysql> insert into product_info(pid,pname,cost) values(1,mobile-mi,10000);
ERROR 1054 (42S22): Unknown column 'mobile' in 'field list'
mysql> use product_info;
ERROR 1049 (42000): Unknown database 'product_info'
mysql> show tables;
+------------------+
| Tables_in_ust_db |
+------------------+
| product_info     |
+------------------+
1 row in set (0.00 sec)

mysql> insert into product_info(pid,pname,cost) values(1,'mobile-mi',10000);
Query OK, 1 row affected (0.16 sec)

mysql> show tables;
+------------------+
| Tables_in_ust_db |
+------------------+
| product_info     |
+------------------+
1 row in set (0.00 sec)

mysql> desc product_info;
+-------+--------------+------+-----+---------+-------+
| Field | Type         | Null | Key | Default | Extra |
+-------+--------------+------+-----+---------+-------+
| pid   | int(11)      | YES  |     | NULL    |       |
| pname | varchar(100) | YES  |     | NULL    |       |
| cost  | int(11)      | YES  |     | NULL    |       |
+-------+--------------+------+-----+---------+-------+
3 rows in set (0.10 sec)

mysql> select * from product_info;
+------+-----------+-------+
| pid  | pname     | cost  |
+------+-----------+-------+
|    1 | mobile-mi | 10000 |
+------+-----------+-------+
1 row in set (0.00 sec)

mysql> insert into product_info values(2,'car',234444);
Query OK, 1 row affected (0.18 sec)

mysql> select * from product_info;
+------+-----------+--------+
| pid  | pname     | cost   |
+------+-----------+--------+
|    1 | mobile-mi |  10000 |
|    2 | car       | 234444 |
+------+-----------+--------+
2 rows in set (0.00 sec)

mysql> insert into product_info(pid,pname) values (3,'book',400);
ERROR 1136 (21S01): Column count doesn't match value count at row 1
mysql> insert into product_info(pid,pname) values (3,'book');
Query OK, 1 row affected (0.14 sec)

mysql> select * from product_info;
+------+-----------+--------+
| pid  | pname     | cost   |
+------+-----------+--------+
|    1 | mobile-mi |  10000 |
|    2 | car       | 234444 |
|    3 | book      |   NULL |
+------+-----------+--------+
3 rows in set (0.00 sec)

mysql> insert into product_info(pid,pname,cost) values(4,'pen',50),(5,'laptop',40000);
Query OK, 2 rows affected (0.06 sec)
Records: 2  Duplicates: 0  Warnings: 0

mysql> select * from product_info;
+------+-----------+--------+
| pid  | pname     | cost   |
+------+-----------+--------+
|    1 | mobile-mi |  10000 |
|    2 | car       | 234444 |
|    3 | book      |   NULL |
|    4 | pen       |     50 |
|    5 | laptop    |  40000 |
+------+-----------+--------+
5 rows in set (0.00 sec)

mysql> update product_info set cost=5500;
Query OK, 5 rows affected (0.16 sec)
Rows matched: 5  Changed: 5  Warnings: 0

mysql> select * from product_info;
+------+-----------+------+
| pid  | pname     | cost |
+------+-----------+------+
|    1 | mobile-mi | 5500 |
|    2 | car       | 5500 |
|    3 | book      | 5500 |
|    4 | pen       | 5500 |
|    5 | laptop    | 5500 |
+------+-----------+------+
5 rows in set (0.00 sec)

mysql> ++++
    ->
    ->
    ->
    ->
    ->
    ->
    ->
    ->
    ->
    ->
    ->
    ->
    ->
    ->
    ->
    ->
    ->
    ->
    ->
    ->
    ->
    ->
    ->
    ->
    ->
    ->
    ->
    ->
    ->
    ->
    ->
    ->
    ->
    ->
    ->
    ->
    ->
    ->
    ->
    ->
    ->
    ->
    ->
    ->
    ->
    ->
    ->
    ->
    ->
    ->
    ->
    ->
    ->
    ->
    ->
    ->
    ->
    ->
    ->
    ->
    -> ^C
mysql>
mysql>
mysql> select * from product_info;
+------+-----------+------+
| pid  | pname     | cost |
+------+-----------+------+
|    1 | mobile-mi | 5500 |
|    2 | car       | 5500 |
|    3 | book      | 5500 |
|    4 | pen       | 5500 |
|    5 | laptop    | 5500 |
+------+-----------+------+
5 rows in set (0.00 sec)

mysql> ..........................................................................................................................................................................................................................................
    -> ^C
mysql>
mysql> select * from product_info;
+------+-----------+------+
| pid  | pname     | cost |
+------+-----------+------+
|    1 | mobile-mi | 5500 |
|    2 | car       | 5500 |
|    3 | book      | 5500 |
|    4 | pen       | 5500 |
|    5 | laptop    | 5500 |
+------+-----------+------+
5 rows in set (0.00 sec)

mysql> delete from product_info;
Query OK, 5 rows affected (0.06 sec)

mysql> select * from product_info;
Empty set (0.00 sec)

mysql> insert into product_info values(1,'book',200),(2,'mobile',300),(3,'car',562000);
Query OK, 3 rows affected (0.07 sec)
Records: 3  Duplicates: 0  Warnings: 0

mysql> select * from product_info;
+------+--------+--------+
| pid  | pname  | cost   |
+------+--------+--------+
|    1 | book   |    200 |
|    2 | mobile |    300 |
|    3 | car    | 562000 |
+------+--------+--------+
3 rows in set (0.00 sec)

mysql> insert into product_info values(1,'book',200),(2,'mobile',300),(3,'car',562000),(4,'pen'50);
ERROR 1064 (42000): You have an error in your SQL syntax; check the manual that corresponds to your MySQL server version for the right syntax to use near '50)' at line 1
mysql> select * from product_info;
+------+--------+--------+
| pid  | pname  | cost   |
+------+--------+--------+
|    1 | book   |    200 |
|    2 | mobile |    300 |
|    3 | car    | 562000 |
+------+--------+--------+
3 rows in set (0.00 sec)

mysql> +
    ->
    -> +
    ->
    ->
    -> ^C
mysql>
mysql> select cost from product_info;
+--------+
| cost   |
+--------+
|    200 |
|    300 |
| 562000 |
+--------+
3 rows in set (0.00 sec)

mysql> select * from product_info;
+------+--------+--------+
| pid  | pname  | cost   |
+------+--------+--------+
|    1 | book   |    200 |
|    2 | mobile |    300 |
|    3 | car    | 562000 |
+------+--------+--------+
3 rows in set (0.00 sec)

mysql> create database employee;
Query OK, 1 row affected (0.02 sec)

mysql> use employee;
Database changed
mysql> create database employee;
ERROR 1007 (HY000): Can't create database 'employee'; database exists
mysql> craete table emp(empid int primarykey,name varchar(100) not null,mobileno int unique,dob date,age int ,doj date, bloodgroup varchar(50),deptno int,salary int,email varchar(170),gender varchar(100));
ERROR 1064 (42000): You have an error in your SQL syntax; check the manual that corresponds to your MySQL server version for the right syntax to use near 'craete table emp(empid int primarykey,name varchar(100) not null,mobileno int un' at line 1
mysql> use employee;
Database changed
mysql> craete table emp(empid int primarykey,name varchar(100) not null,mobileno int unique,dob date,age int ,doj date, bloodgroup varchar(50),deptno int,salary int,email varchar(170),gender varchar(100));
ERROR 1064 (42000): You have an error in your SQL syntax; check the manual that corresponds to your MySQL server version for the right syntax to use near 'craete table emp(empid int primarykey,name varchar(100) not null,mobileno int un' at line 1
mysql> create table emp(empid int primarykey,name varchar(100) not null,mobileno int unique,dob date,age int ,doj date, bloodgroup varchar(50),deptno int,salary int,email varchar(170),gender varchar(100));
ERROR 1064 (42000): You have an error in your SQL syntax; check the manual that corresponds to your MySQL server version for the right syntax to use near 'primarykey,name varchar(100) not null,mobileno int unique,dob date,age int ,doj ' at line 1
mysql> create table emp(empid int primary key,name varchar(100) not null,mobileno int unique,dob date,age int ,doj date, bloodgroup varchar(50),deptno int,salary int,email varchar(170),gender varchar(100));
Query OK, 0 rows affected (0.36 sec)

mysql> select *from emp;
Empty set (0.10 sec)

mysql> create table emp(empid int primary key,name varchar(100) not null,mobileno int unique,dob date,age int ,doj date, bloodgroup varchar(50),deptno int,salary int,email varchar(170),gender varchar(100));
ERROR 1050 (42S01): Table 'emp' already exists
mysql> show tables;
+--------------------+
| Tables_in_employee |
+--------------------+
| emp                |
+--------------------+
1 row in set (0.00 sec)

mysql> desc emp;
+------------+--------------+------+-----+---------+-------+
| Field      | Type         | Null | Key | Default | Extra |
+------------+--------------+------+-----+---------+-------+
| empid      | int(11)      | NO   | PRI | NULL    |       |
| name       | varchar(100) | NO   |     | NULL    |       |
| mobileno   | int(11)      | YES  | UNI | NULL    |       |
| dob        | date         | YES  |     | NULL    |       |
| age        | int(11)      | YES  |     | NULL    |       |
| doj        | date         | YES  |     | NULL    |       |
| bloodgroup | varchar(50)  | YES  |     | NULL    |       |
| deptno     | int(11)      | YES  |     | NULL    |       |
| salary     | int(11)      | YES  |     | NULL    |       |
| email      | varchar(170) | YES  |     | NULL    |       |
| gender     | varchar(100) | YES  |     | NULL    |       |
+------------+--------------+------+-----+---------+-------+
11 rows in set (0.10 sec)

mysql> alter table emp add column designation varchar(100);
Query OK, 0 rows affected (0.77 sec)
Records: 0  Duplicates: 0  Warnings: 0

mysql> desc emp;
+-------------+--------------+------+-----+---------+-------+
| Field       | Type         | Null | Key | Default | Extra |
+-------------+--------------+------+-----+---------+-------+
| empid       | int(11)      | NO   | PRI | NULL    |       |
| name        | varchar(100) | NO   |     | NULL    |       |
| mobileno    | int(11)      | YES  | UNI | NULL    |       |
| dob         | date         | YES  |     | NULL    |       |
| age         | int(11)      | YES  |     | NULL    |       |
| doj         | date         | YES  |     | NULL    |       |
| bloodgroup  | varchar(50)  | YES  |     | NULL    |       |
| deptno      | int(11)      | YES  |     | NULL    |       |
| salary      | int(11)      | YES  |     | NULL    |       |
| email       | varchar(170) | YES  |     | NULL    |       |
| gender      | varchar(100) | YES  |     | NULL    |       |
| designation | varchar(100) | YES  |     | NULL    |       |
+-------------+--------------+------+-----+---------+-------+
12 rows in set (0.00 sec)

mysql> insert into emp values(1,'raj',9838156252,'1996-10-10',23,'2016-04-04','o positive',10,20000,'rajsingh97@gmail.com','female','sofware devloper');
ERROR 1264 (22003): Out of range value for column 'mobileno' at row 1
mysql> insert into emp values(1,'raj',983815625,'1996-10-10',23,'2016-04-04','o positive',10,20000,'rajsingh97@gmail.com','female','sofware devloper');
Query OK, 1 row affected (0.16 sec)

mysql> insert into emp values(2,'raju',833815625,'1996-10-10',22,'2016-04-04','a positive',10,50000,'rajusingh97@gmail.com','male','hr');
Query OK, 1 row affected (0.12 sec)

mysql> insert into emp values(3,'rajan',7433815625,'1993-10-05',29,'2016-04-04','b positive',10,17000,'rajansingh97@gmail.com','male','tester');
ERROR 1264 (22003): Out of range value for column 'mobileno' at row 1
mysql> insert into emp values(3,'rajan',74338125,'1993-10-05',29,'2016-04-04','b positive',10,17000,'rajansingh97@gmail.com','male','tester');
Query OK, 1 row affected (0.16 sec)

mysql> select * from emp
    -> ;
+-------+-------+-----------+------------+------+------------+------------+--------+--------+------------------------+--------+------------------+
| empid | name  | mobileno  | dob        | age  | doj        | bloodgroup | deptno | salary | email                  | gender | designation      |
+-------+-------+-----------+------------+------+------------+------------+--------+--------+------------------------+--------+------------------+
|     1 | raj   | 983815625 | 1996-10-10 |   23 | 2016-04-04 | o positive |     10 |  20000 | rajsingh97@gmail.com   | female | sofware devloper |
|     2 | raju  | 833815625 | 1996-10-10 |   22 | 2016-04-04 | a positive |     10 |  50000 | rajusingh97@gmail.com  | male   | hr               |
|     3 | rajan |  74338125 | 1993-10-05 |   29 | 2016-04-04 | b positive |     10 |  17000 | rajansingh97@gmail.com | male   | tester           |
+-------+-------+-----------+------------+------+------------+------------+--------+--------+------------------------+--------+------------------+
3 rows in set (0.11 sec)

mysql> insert into emp values(4,'rajesh',74300125,'1994-10-05',29,'2018-04-04','b negative',20,22000,'rajeshverma97@gmail.com','male','clerk');
Query OK, 1 row affected (0.17 sec)

mysql> insert into emp values(5,'suresh',74363472,'1994-09-08',29,'2018-07-02','a negative',20,28000,'sureshverma97@gmail.com','male','clerk');
Query OK, 1 row affected (0.06 sec)

mysql> insert into emp values(6,'sita',94363472,'1992-07-08',29,'2019-07-02','b negative',40,70000,'sitaverma66@gmail.com','female','manager')
    -> ;
Query OK, 1 row affected (0.16 sec)

mysql> insert into emp values(7,'amrita',9963472,'1992-07-08',22,'2019-07-02','b negative',50,70000,'amritaangel66@gmail.com','female','manager');
Query OK, 1 row affected (0.17 sec)

mysql> insert into emp values(8,'bhavya',8363472,'1987-04-08',40,'2019-07-02','o positove',50,10000,'bhavy1987@gmail.com','female','tech support');
Query OK, 1 row affected (0.20 sec)

mysql> insert into emp values(9,'ritik',7736342,'1992-04-20',25,'2018-22-02','o positove',40,28000,'ritik999@gmail.com','male','tester');
ERROR 1292 (22007): Incorrect date value: '2018-22-02' for column 'doj' at row 1
mysql> insert into emp values(9,'ritik',7736342,'1992-04-20',25,'2018-08-22','o positove',40,28000,'ritik999@gmail.com','male','tester');
Query OK, 1 row affected (0.16 sec)

mysql> insert into emp values(10,'sarika',9239239,'1995-04-28',28,'2017-12-22','b positove',30,32000,'sarika999@gmail.com','female','tester');
Query OK, 1 row affected (0.05 sec)

mysql> desc emp;
+-------------+--------------+------+-----+---------+-------+
| Field       | Type         | Null | Key | Default | Extra |
+-------------+--------------+------+-----+---------+-------+
| empid       | int(11)      | NO   | PRI | NULL    |       |
| name        | varchar(100) | NO   |     | NULL    |       |
| mobileno    | int(11)      | YES  | UNI | NULL    |       |
| dob         | date         | YES  |     | NULL    |       |
| age         | int(11)      | YES  |     | NULL    |       |
| doj         | date         | YES  |     | NULL    |       |
| bloodgroup  | varchar(50)  | YES  |     | NULL    |       |
| deptno      | int(11)      | YES  |     | NULL    |       |
| salary      | int(11)      | YES  |     | NULL    |       |
| email       | varchar(170) | YES  |     | NULL    |       |
| gender      | varchar(100) | YES  |     | NULL    |       |
| designation | varchar(100) | YES  |     | NULL    |       |
+-------------+--------------+------+-----+---------+-------+
12 rows in set (0.00 sec)

mysql> select * from emp;
+-------+--------+-----------+------------+------+------------+------------+--------+--------+-------------------------+--------+------------------+
| empid | name   | mobileno  | dob        | age  | doj        | bloodgroup | deptno | salary | email                   | gender | designation      |
+-------+--------+-----------+------------+------+------------+------------+--------+--------+-------------------------+--------+------------------+
|     1 | raj    | 983815625 | 1996-10-10 |   23 | 2016-04-04 | o positive |     10 |  20000 | rajsingh97@gmail.com    | female | sofware devloper |
|     2 | raju   | 833815625 | 1996-10-10 |   22 | 2016-04-04 | a positive |     10 |  50000 | rajusingh97@gmail.com   | male   | hr               |
|     3 | rajan  |  74338125 | 1993-10-05 |   29 | 2016-04-04 | b positive |     10 |  17000 | rajansingh97@gmail.com  | male   | tester           |
|     4 | rajesh |  74300125 | 1994-10-05 |   29 | 2018-04-04 | b negative |     20 |  22000 | rajeshverma97@gmail.com | male   | clerk            |
|     5 | suresh |  74363472 | 1994-09-08 |   29 | 2018-07-02 | a negative |     20 |  28000 | sureshverma97@gmail.com | male   | clerk            |
|     6 | sita   |  94363472 | 1992-07-08 |   29 | 2019-07-02 | b negative |     40 |  70000 | sitaverma66@gmail.com   | female | manager          |
|     7 | amrita |   9963472 | 1992-07-08 |   22 | 2019-07-02 | b negative |     50 |  70000 | amritaangel66@gmail.com | female | manager          |
|     8 | bhavya |   8363472 | 1987-04-08 |   40 | 2019-07-02 | o positove |     50 |  10000 | bhavy1987@gmail.com     | female | tech support     |
|     9 | ritik  |   7736342 | 1992-04-20 |   25 | 2018-08-22 | o positove |     40 |  28000 | ritik999@gmail.com      | male   | tester           |
|    10 | sarika |   9239239 | 1995-04-28 |   28 | 2017-12-22 | b positove |     30 |  32000 | sarika999@gmail.com     | female | tester           |
+-------+--------+-----------+------------+------+------------+------------+--------+--------+-------------------------+--------+------------------+
10 rows in set (0.00 sec)

mysql> alter table emp change column mobileno to contactno int(13);
ERROR 1064 (42000): You have an error in your SQL syntax; check the manual that corresponds to your MySQL server version for the right syntax to use near 'to contactno int(13)' at line 1
mysql> alter table emp change column mobileno to contactno bigint;
ERROR 1064 (42000): You have an error in your SQL syntax; check the manual that corresponds to your MySQL server version for the right syntax to use near 'to contactno bigint' at line 1
mysql> alter table emp modify column mobileno to contactno bigint;
ERROR 1064 (42000): You have an error in your SQL syntax; check the manual that corresponds to your MySQL server version for the right syntax to use near 'to contactno bigint' at line 1
mysql> alter table emp modify column contactno bigint;
ERROR 1054 (42S22): Unknown column 'contactno' in 'emp'
mysql> alter table emp modify column mobileno bigint;
Query OK, 10 rows affected (1.59 sec)
Records: 10  Duplicates: 0  Warnings: 0

mysql> select * from emp;
+-------+--------+-----------+------------+------+------------+------------+--------+--------+-------------------------+--------+------------------+
| empid | name   | mobileno  | dob        | age  | doj        | bloodgroup | deptno | salary | email                   | gender | designation      |
+-------+--------+-----------+------------+------+------------+------------+--------+--------+-------------------------+--------+------------------+
|     1 | raj    | 983815625 | 1996-10-10 |   23 | 2016-04-04 | o positive |     10 |  20000 | rajsingh97@gmail.com    | female | sofware devloper |
|     2 | raju   | 833815625 | 1996-10-10 |   22 | 2016-04-04 | a positive |     10 |  50000 | rajusingh97@gmail.com   | male   | hr               |
|     3 | rajan  |  74338125 | 1993-10-05 |   29 | 2016-04-04 | b positive |     10 |  17000 | rajansingh97@gmail.com  | male   | tester           |
|     4 | rajesh |  74300125 | 1994-10-05 |   29 | 2018-04-04 | b negative |     20 |  22000 | rajeshverma97@gmail.com | male   | clerk            |
|     5 | suresh |  74363472 | 1994-09-08 |   29 | 2018-07-02 | a negative |     20 |  28000 | sureshverma97@gmail.com | male   | clerk            |
|     6 | sita   |  94363472 | 1992-07-08 |   29 | 2019-07-02 | b negative |     40 |  70000 | sitaverma66@gmail.com   | female | manager          |
|     7 | amrita |   9963472 | 1992-07-08 |   22 | 2019-07-02 | b negative |     50 |  70000 | amritaangel66@gmail.com | female | manager          |
|     8 | bhavya |   8363472 | 1987-04-08 |   40 | 2019-07-02 | o positove |     50 |  10000 | bhavy1987@gmail.com     | female | tech support     |
|     9 | ritik  |   7736342 | 1992-04-20 |   25 | 2018-08-22 | o positove |     40 |  28000 | ritik999@gmail.com      | male   | tester           |
|    10 | sarika |   9239239 | 1995-04-28 |   28 | 2017-12-22 | b positove |     30 |  32000 | sarika999@gmail.com     | female | tester           |
+-------+--------+-----------+------------+------+------------+------------+--------+--------+-------------------------+--------+------------------+
10 rows in set (0.00 sec)

mysql> show datbases;
ERROR 1064 (42000): You have an error in your SQL syntax; check the manual that corresponds to your MySQL server version for the right syntax to use near 'datbases' at line 1
mysql> show databases;
+--------------------+
| Database           |
+--------------------+
| information_schema |
| emp                |
| employee           |
| mysql              |
| performance_schema |
| sakila             |
| sys                |
| ust_db             |
| world              |
+--------------------+
9 rows in set (0.05 sec)

mysql> use sys;
Database changed
mysql> show tables;
+-----------------------------------------------+
| Tables_in_sys                                 |
+-----------------------------------------------+
| host_summary                                  |
| host_summary_by_file_io                       |
| host_summary_by_file_io_type                  |
| host_summary_by_stages                        |
| host_summary_by_statement_latency             |
| host_summary_by_statement_type                |
| innodb_buffer_stats_by_schema                 |
| innodb_buffer_stats_by_table                  |
| innodb_lock_waits                             |
| io_by_thread_by_latency                       |
| io_global_by_file_by_bytes                    |
| io_global_by_file_by_latency                  |
| io_global_by_wait_by_bytes                    |
| io_global_by_wait_by_latency                  |
| latest_file_io                                |
| memory_by_host_by_current_bytes               |
| memory_by_thread_by_current_bytes             |
| memory_by_user_by_current_bytes               |
| memory_global_by_current_bytes                |
| memory_global_total                           |
| metrics                                       |
| processlist                                   |
| ps_check_lost_instrumentation                 |
| schema_auto_increment_columns                 |
| schema_index_statistics                       |
| schema_object_overview                        |
| schema_redundant_indexes                      |
| schema_table_lock_waits                       |
| schema_table_statistics                       |
| schema_table_statistics_with_buffer           |
| schema_tables_with_full_table_scans           |
| schema_unused_indexes                         |
| session                                       |
| session_ssl_status                            |
| statement_analysis                            |
| statements_with_errors_or_warnings            |
| statements_with_full_table_scans              |
| statements_with_runtimes_in_95th_percentile   |
| statements_with_sorting                       |
| statements_with_temp_tables                   |
| sys_config                                    |
| user_summary                                  |
| user_summary_by_file_io                       |
| user_summary_by_file_io_type                  |
| user_summary_by_stages                        |
| user_summary_by_statement_latency             |
| user_summary_by_statement_type                |
| version                                       |
| wait_classes_global_by_avg_latency            |
| wait_classes_global_by_latency                |
| waits_by_host_by_latency                      |
| waits_by_user_by_latency                      |
| waits_global_by_latency                       |
| x$host_summary                                |
| x$host_summary_by_file_io                     |
| x$host_summary_by_file_io_type                |
| x$host_summary_by_stages                      |
| x$host_summary_by_statement_latency           |
| x$host_summary_by_statement_type              |
| x$innodb_buffer_stats_by_schema               |
| x$innodb_buffer_stats_by_table                |
| x$innodb_lock_waits                           |
| x$io_by_thread_by_latency                     |
| x$io_global_by_file_by_bytes                  |
| x$io_global_by_file_by_latency                |
| x$io_global_by_wait_by_bytes                  |
| x$io_global_by_wait_by_latency                |
| x$latest_file_io                              |
| x$memory_by_host_by_current_bytes             |
| x$memory_by_thread_by_current_bytes           |
| x$memory_by_user_by_current_bytes             |
| x$memory_global_by_current_bytes              |
| x$memory_global_total                         |
| x$processlist                                 |
| x$ps_digest_95th_percentile_by_avg_us         |
| x$ps_digest_avg_latency_distribution          |
| x$ps_schema_table_statistics_io               |
| x$schema_flattened_keys                       |
| x$schema_index_statistics                     |
| x$schema_table_lock_waits                     |
| x$schema_table_statistics                     |
| x$schema_table_statistics_with_buffer         |
| x$schema_tables_with_full_table_scans         |
| x$session                                     |
| x$statement_analysis                          |
| x$statements_with_errors_or_warnings          |
| x$statements_with_full_table_scans            |
| x$statements_with_runtimes_in_95th_percentile |
| x$statements_with_sorting                     |
| x$statements_with_temp_tables                 |
| x$user_summary                                |
| x$user_summary_by_file_io                     |
| x$user_summary_by_file_io_type                |
| x$user_summary_by_stages                      |
| x$user_summary_by_statement_latency           |
| x$user_summary_by_statement_type              |
| x$wait_classes_global_by_avg_latency          |
| x$wait_classes_global_by_latency              |
| x$waits_by_host_by_latency                    |
| x$waits_by_user_by_latency                    |
| x$waits_global_by_latency                     |
+-----------------------------------------------+
101 rows in set (0.00 sec)

mysql> show databases;
+--------------------+
| Database           |
+--------------------+
| information_schema |
| emp                |
| employee           |
| mysql              |
| performance_schema |
| sakila             |
| sys                |
| ust_db             |
| world              |
+--------------------+
9 rows in set (0.00 sec)

mysql> use world;
Database changed
mysql> show tables;
+-----------------+
| Tables_in_world |
+-----------------+
| city            |
| country         |
| countrylanguage |
+-----------------+
3 rows in set (0.00 sec)

mysql> truncate table city;
Query OK, 0 rows affected (0.63 sec)

mysql> show tables;
+-----------------+
| Tables_in_world |
+-----------------+
| city            |
| country         |
| countrylanguage |
+-----------------+
3 rows in set (0.00 sec)

mysql> show database;
ERROR 1064 (42000): You have an error in your SQL syntax; check the manual that corresponds to your MySQL server version for the right syntax to use near 'database' at line 1
mysql> show databases;
+--------------------+
| Database           |
+--------------------+
| information_schema |
| emp                |
| employee           |
| mysql              |
| performance_schema |
| sakila             |
| sys                |
| ust_db             |
| world              |
+--------------------+
9 rows in set (0.00 sec)

mysql> use employee;
Database changed
mysql> select* from emp;
+-------+--------+-----------+------------+------+------------+------------+--------+--------+-------------------------+--------+------------------+
| empid | name   | mobileno  | dob        | age  | doj        | bloodgroup | deptno | salary | email                   | gender | designation      |
+-------+--------+-----------+------------+------+------------+------------+--------+--------+-------------------------+--------+------------------+
|     1 | raj    | 983815625 | 1996-10-10 |   23 | 2016-04-04 | o positive |     10 |  20000 | rajsingh97@gmail.com    | female | sofware devloper |
|     2 | raju   | 833815625 | 1996-10-10 |   22 | 2016-04-04 | a positive |     10 |  50000 | rajusingh97@gmail.com   | male   | hr               |
|     3 | rajan  |  74338125 | 1993-10-05 |   29 | 2016-04-04 | b positive |     10 |  17000 | rajansingh97@gmail.com  | male   | tester           |
|     4 | rajesh |  74300125 | 1994-10-05 |   29 | 2018-04-04 | b negative |     20 |  22000 | rajeshverma97@gmail.com | male   | clerk            |
|     5 | suresh |  74363472 | 1994-09-08 |   29 | 2018-07-02 | a negative |     20 |  28000 | sureshverma97@gmail.com | male   | clerk            |
|     6 | sita   |  94363472 | 1992-07-08 |   29 | 2019-07-02 | b negative |     40 |  70000 | sitaverma66@gmail.com   | female | manager          |
|     7 | amrita |   9963472 | 1992-07-08 |   22 | 2019-07-02 | b negative |     50 |  70000 | amritaangel66@gmail.com | female | manager          |
|     8 | bhavya |   8363472 | 1987-04-08 |   40 | 2019-07-02 | o positove |     50 |  10000 | bhavy1987@gmail.com     | female | tech support     |
|     9 | ritik  |   7736342 | 1992-04-20 |   25 | 2018-08-22 | o positove |     40 |  28000 | ritik999@gmail.com      | male   | tester           |
|    10 | sarika |   9239239 | 1995-04-28 |   28 | 2017-12-22 | b positove |     30 |  32000 | sarika999@gmail.com     | female | tester           |
+-------+--------+-----------+------------+------+------------+------------+--------+--------+-------------------------+--------+------------------+
10 rows in set (0.00 sec)

mysql> select distict designation from emp;
ERROR 1054 (42S22): Unknown column 'distict' in 'field list'
mysql> select distinct designation from emp;
+------------------+
| designation      |
+------------------+
| sofware devloper |
| hr               |
| tester           |
| clerk            |
| manager          |
| tech support     |
+------------------+
6 rows in set (0.03 sec)

mysql> select distinct designation,deptno from emp;
+------------------+--------+
| designation      | deptno |
+------------------+--------+
| sofware devloper |     10 |
| hr               |     10 |
| tester           |     10 |
| clerk            |     20 |
| manager          |     40 |
| manager          |     50 |
| tech support     |     50 |
| tester           |     40 |
| tester           |     30 |
+------------------+--------+
9 rows in set (0.00 sec)

mysql> select mobileno as contact from emp;
+-----------+
| contact   |
+-----------+
|   7736342 |
|   8363472 |
|   9239239 |
|   9963472 |
|  74300125 |
|  74338125 |
|  74363472 |
|  94363472 |
| 833815625 |
| 983815625 |
+-----------+
10 rows in set (1.03 sec)

mysql> select name ename from emp;
+--------+
| ename  |
+--------+
| raj    |
| raju   |
| rajan  |
| rajesh |
| suresh |
| sita   |
| amrita |
| bhavya |
| ritik  |
| sarika |
+--------+
10 rows in set (0.05 sec)

mysql> select * from emp;
+-------+--------+-----------+------------+------+------------+------------+--------+--------+-------------------------+--------+------------------+
| empid | name   | mobileno  | dob        | age  | doj        | bloodgroup | deptno | salary | email                   | gender | designation      |
+-------+--------+-----------+------------+------+------------+------------+--------+--------+-------------------------+--------+------------------+
|     1 | raj    | 983815625 | 1996-10-10 |   23 | 2016-04-04 | o positive |     10 |  20000 | rajsingh97@gmail.com    | female | sofware devloper |
|     2 | raju   | 833815625 | 1996-10-10 |   22 | 2016-04-04 | a positive |     10 |  50000 | rajusingh97@gmail.com   | male   | hr               |
|     3 | rajan  |  74338125 | 1993-10-05 |   29 | 2016-04-04 | b positive |     10 |  17000 | rajansingh97@gmail.com  | male   | tester           |
|     4 | rajesh |  74300125 | 1994-10-05 |   29 | 2018-04-04 | b negative |     20 |  22000 | rajeshverma97@gmail.com | male   | clerk            |
|     5 | suresh |  74363472 | 1994-09-08 |   29 | 2018-07-02 | a negative |     20 |  28000 | sureshverma97@gmail.com | male   | clerk            |
|     6 | sita   |  94363472 | 1992-07-08 |   29 | 2019-07-02 | b negative |     40 |  70000 | sitaverma66@gmail.com   | female | manager          |
|     7 | amrita |   9963472 | 1992-07-08 |   22 | 2019-07-02 | b negative |     50 |  70000 | amritaangel66@gmail.com | female | manager          |
|     8 | bhavya |   8363472 | 1987-04-08 |   40 | 2019-07-02 | o positove |     50 |  10000 | bhavy1987@gmail.com     | female | tech support     |
|     9 | ritik  |   7736342 | 1992-04-20 |   25 | 2018-08-22 | o positove |     40 |  28000 | ritik999@gmail.com      | male   | tester           |
|    10 | sarika |   9239239 | 1995-04-28 |   28 | 2017-12-22 | b positove |     30 |  32000 | sarika999@gmail.com     | female | tester           |
+-------+--------+-----------+------------+------+------------+------------+--------+--------+-------------------------+--------+------------------+
10 rows in set (0.11 sec)

mysql> update emp set mobileno = 991828346367 where empid=2;
Query OK, 1 row affected (0.30 sec)
Rows matched: 1  Changed: 1  Warnings: 0

mysql> select * from emp;
+-------+--------+--------------+------------+------+------------+------------+--------+--------+-------------------------+--------+------------------+
| empid | name   | mobileno     | dob        | age  | doj        | bloodgroup | deptno | salary | email                   | gender | designation      |
+-------+--------+--------------+------------+------+------------+------------+--------+--------+-------------------------+--------+------------------+
|     1 | raj    |    983815625 | 1996-10-10 |   23 | 2016-04-04 | o positive |     10 |  20000 | rajsingh97@gmail.com    | female | sofware devloper |
|     2 | raju   | 991828346367 | 1996-10-10 |   22 | 2016-04-04 | a positive |     10 |  50000 | rajusingh97@gmail.com   | male   | hr               |
|     3 | rajan  |     74338125 | 1993-10-05 |   29 | 2016-04-04 | b positive |     10 |  17000 | rajansingh97@gmail.com  | male   | tester           |
|     4 | rajesh |     74300125 | 1994-10-05 |   29 | 2018-04-04 | b negative |     20 |  22000 | rajeshverma97@gmail.com | male   | clerk            |
|     5 | suresh |     74363472 | 1994-09-08 |   29 | 2018-07-02 | a negative |     20 |  28000 | sureshverma97@gmail.com | male   | clerk            |
|     6 | sita   |     94363472 | 1992-07-08 |   29 | 2019-07-02 | b negative |     40 |  70000 | sitaverma66@gmail.com   | female | manager          |
|     7 | amrita |      9963472 | 1992-07-08 |   22 | 2019-07-02 | b negative |     50 |  70000 | amritaangel66@gmail.com | female | manager          |
|     8 | bhavya |      8363472 | 1987-04-08 |   40 | 2019-07-02 | o positove |     50 |  10000 | bhavy1987@gmail.com     | female | tech support     |
|     9 | ritik  |      7736342 | 1992-04-20 |   25 | 2018-08-22 | o positove |     40 |  28000 | ritik999@gmail.com      | male   | tester           |
|    10 | sarika |      9239239 | 1995-04-28 |   28 | 2017-12-22 | b positove |     30 |  32000 | sarika999@gmail.com     | female | tester           |
+-------+--------+--------------+------------+------+------------+------------+--------+--------+-------------------------+--------+------------------+
10 rows in set (0.00 sec)

mysql> update emp set mobileno = 9918283463 where empid=2;
Query OK, 1 row affected (0.06 sec)
Rows matched: 1  Changed: 1  Warnings: 0

mysql> select * from emp;
+-------+--------+------------+------------+------+------------+------------+--------+--------+-------------------------+--------+------------------+
| empid | name   | mobileno   | dob        | age  | doj        | bloodgroup | deptno | salary | email                   | gender | designation      |
+-------+--------+------------+------------+------+------------+------------+--------+--------+-------------------------+--------+------------------+
|     1 | raj    |  983815625 | 1996-10-10 |   23 | 2016-04-04 | o positive |     10 |  20000 | rajsingh97@gmail.com    | female | sofware devloper |
|     2 | raju   | 9918283463 | 1996-10-10 |   22 | 2016-04-04 | a positive |     10 |  50000 | rajusingh97@gmail.com   | male   | hr               |
|     3 | rajan  |   74338125 | 1993-10-05 |   29 | 2016-04-04 | b positive |     10 |  17000 | rajansingh97@gmail.com  | male   | tester           |
|     4 | rajesh |   74300125 | 1994-10-05 |   29 | 2018-04-04 | b negative |     20 |  22000 | rajeshverma97@gmail.com | male   | clerk            |
|     5 | suresh |   74363472 | 1994-09-08 |   29 | 2018-07-02 | a negative |     20 |  28000 | sureshverma97@gmail.com | male   | clerk            |
|     6 | sita   |   94363472 | 1992-07-08 |   29 | 2019-07-02 | b negative |     40 |  70000 | sitaverma66@gmail.com   | female | manager          |
|     7 | amrita |    9963472 | 1992-07-08 |   22 | 2019-07-02 | b negative |     50 |  70000 | amritaangel66@gmail.com | female | manager          |
|     8 | bhavya |    8363472 | 1987-04-08 |   40 | 2019-07-02 | o positove |     50 |  10000 | bhavy1987@gmail.com     | female | tech support     |
|     9 | ritik  |    7736342 | 1992-04-20 |   25 | 2018-08-22 | o positove |     40 |  28000 | ritik999@gmail.com      | male   | tester           |
|    10 | sarika |    9239239 | 1995-04-28 |   28 | 2017-12-22 | b positove |     30 |  32000 | sarika999@gmail.com     | female | tester           |
+-------+--------+------------+------------+------+------------+------------+--------+--------+-------------------------+--------+------------------+
10 rows in set (0.00 sec)

mysql> delete from emp where id=5;
ERROR 1054 (42S22): Unknown column 'id' in 'where clause'
mysql> delete *  from emp where id=5;
ERROR 1064 (42000): You have an error in your SQL syntax; check the manual that corresponds to your MySQL server version for the right syntax to use near '*  from emp where id=5' at line 1
mysql> delete   from emp where empid=5;
Query OK, 1 row affected (0.09 sec)

mysql> select * from emp;
+-------+--------+------------+------------+------+------------+------------+--------+--------+-------------------------+--------+------------------+
| empid | name   | mobileno   | dob        | age  | doj        | bloodgroup | deptno | salary | email                   | gender | designation      |
+-------+--------+------------+------------+------+------------+------------+--------+--------+-------------------------+--------+------------------+
|     1 | raj    |  983815625 | 1996-10-10 |   23 | 2016-04-04 | o positive |     10 |  20000 | rajsingh97@gmail.com    | female | sofware devloper |
|     2 | raju   | 9918283463 | 1996-10-10 |   22 | 2016-04-04 | a positive |     10 |  50000 | rajusingh97@gmail.com   | male   | hr               |
|     3 | rajan  |   74338125 | 1993-10-05 |   29 | 2016-04-04 | b positive |     10 |  17000 | rajansingh97@gmail.com  | male   | tester           |
|     4 | rajesh |   74300125 | 1994-10-05 |   29 | 2018-04-04 | b negative |     20 |  22000 | rajeshverma97@gmail.com | male   | clerk            |
|     6 | sita   |   94363472 | 1992-07-08 |   29 | 2019-07-02 | b negative |     40 |  70000 | sitaverma66@gmail.com   | female | manager          |
|     7 | amrita |    9963472 | 1992-07-08 |   22 | 2019-07-02 | b negative |     50 |  70000 | amritaangel66@gmail.com | female | manager          |
|     8 | bhavya |    8363472 | 1987-04-08 |   40 | 2019-07-02 | o positove |     50 |  10000 | bhavy1987@gmail.com     | female | tech support     |
|     9 | ritik  |    7736342 | 1992-04-20 |   25 | 2018-08-22 | o positove |     40 |  28000 | ritik999@gmail.com      | male   | tester           |
|    10 | sarika |    9239239 | 1995-04-28 |   28 | 2017-12-22 | b positove |     30 |  32000 | sarika999@gmail.com     | female | tester           |
+-------+--------+------------+------------+------+------------+------------+--------+--------+-------------------------+--------+------------------+
9 rows in set (0.00 sec)

mysql> select from emp where empid=2;
ERROR 1064 (42000): You have an error in your SQL syntax; check the manual that corresponds to your MySQL server version for the right syntax to use near 'from emp where empid=2' at line 1
mysql> select* from emp where empid =4;
+-------+--------+----------+------------+------+------------+------------+--------+--------+-------------------------+--------+-------------+
| empid | name   | mobileno | dob        | age  | doj        | bloodgroup | deptno | salary | email                   | gender | designation |
+-------+--------+----------+------------+------+------------+------------+--------+--------+-------------------------+--------+-------------+
|     4 | rajesh | 74300125 | 1994-10-05 |   29 | 2018-04-04 | b negative |     20 |  22000 | rajeshverma97@gmail.com | male   | clerk       |
+-------+--------+----------+------------+------+------------+------------+--------+--------+-------------------------+--------+-------------+
1 row in set (0.03 sec)

mysql> select salary as sal from emp where sal=sal+5000;
ERROR 1054 (42S22): Unknown column 'sal' in 'where clause'
mysql> select salary+5000 from emp ;
+-------------+
| salary+5000 |
+-------------+
|       25000 |
|       55000 |
|       22000 |
|       27000 |
|       75000 |
|       75000 |
|       15000 |
|       33000 |
|       37000 |
+-------------+
9 rows in set (0.03 sec)

mysql> select salary-5000 from emp ;
+-------------+
| salary-5000 |
+-------------+
|       15000 |
|       45000 |
|       12000 |
|       17000 |
|       65000 |
|       65000 |
|        5000 |
|       23000 |
|       27000 |
+-------------+
9 rows in set (0.00 sec)

mysql> select salary*12 sal from emp ;
+--------+
| sal    |
+--------+
| 240000 |
| 600000 |
| 204000 |
| 264000 |
| 840000 |
| 840000 |
| 120000 |
| 336000 |
| 384000 |
+--------+
9 rows in set (0.01 sec)

mysql> select salary/30 sal from emp ;
+-----------+
| sal       |
+-----------+
|  666.6667 |
| 1666.6667 |
|  566.6667 |
|  733.3333 |
| 2333.3333 |
| 2333.3333 |
|  333.3333 |
|  933.3333 |
| 1066.6667 |
+-----------+
9 rows in set (0.06 sec)

mysql> select * from emp where designation='software developer' ;
Empty set (0.05 sec)

mysql> select * from emp where designation='sofware developer' ;
Empty set (0.00 sec)

mysql> select * from emp where designation='sofware devloper' ;
+-------+------+-----------+------------+------+------------+------------+--------+--------+----------------------+--------+------------------+
| empid | name | mobileno  | dob        | age  | doj        | bloodgroup | deptno | salary | email                | gender | designation      |
+-------+------+-----------+------------+------+------------+------------+--------+--------+----------------------+--------+------------------+
|     1 | raj  | 983815625 | 1996-10-10 |   23 | 2016-04-04 | o positive |     10 |  20000 | rajsingh97@gmail.com | female | sofware devloper |
+-------+------+-----------+------------+------+------------+------------+--------+--------+----------------------+--------+------------------+
1 row in set (0.00 sec)

mysql> select * from emp where deptno!= 20;
+-------+--------+------------+------------+------+------------+------------+--------+--------+-------------------------+--------+------------------+
| empid | name   | mobileno   | dob        | age  | doj        | bloodgroup | deptno | salary | email                   | gender | designation      |
+-------+--------+------------+------------+------+------------+------------+--------+--------+-------------------------+--------+------------------+
|     1 | raj    |  983815625 | 1996-10-10 |   23 | 2016-04-04 | o positive |     10 |  20000 | rajsingh97@gmail.com    | female | sofware devloper |
|     2 | raju   | 9918283463 | 1996-10-10 |   22 | 2016-04-04 | a positive |     10 |  50000 | rajusingh97@gmail.com   | male   | hr               |
|     3 | rajan  |   74338125 | 1993-10-05 |   29 | 2016-04-04 | b positive |     10 |  17000 | rajansingh97@gmail.com  | male   | tester           |
|     6 | sita   |   94363472 | 1992-07-08 |   29 | 2019-07-02 | b negative |     40 |  70000 | sitaverma66@gmail.com   | female | manager          |
|     7 | amrita |    9963472 | 1992-07-08 |   22 | 2019-07-02 | b negative |     50 |  70000 | amritaangel66@gmail.com | female | manager          |
|     8 | bhavya |    8363472 | 1987-04-08 |   40 | 2019-07-02 | o positove |     50 |  10000 | bhavy1987@gmail.com     | female | tech support     |
|     9 | ritik  |    7736342 | 1992-04-20 |   25 | 2018-08-22 | o positove |     40 |  28000 | ritik999@gmail.com      | male   | tester           |
|    10 | sarika |    9239239 | 1995-04-28 |   28 | 2017-12-22 | b positove |     30 |  32000 | sarika999@gmail.com     | female | tester           |
+-------+--------+------------+------------+------+------------+------------+--------+--------+-------------------------+--------+------------------+
8 rows in set (0.00 sec)

mysql> select * from emp where sal>50000;
ERROR 1054 (42S22): Unknown column 'sal' in 'where clause'
mysql> select * from emp where salary>50000;
+-------+--------+----------+------------+------+------------+------------+--------+--------+-------------------------+--------+-------------+
| empid | name   | mobileno | dob        | age  | doj        | bloodgroup | deptno | salary | email                   | gender | designation |
+-------+--------+----------+------------+------+------------+------------+--------+--------+-------------------------+--------+-------------+
|     6 | sita   | 94363472 | 1992-07-08 |   29 | 2019-07-02 | b negative |     40 |  70000 | sitaverma66@gmail.com   | female | manager     |
|     7 | amrita |  9963472 | 1992-07-08 |   22 | 2019-07-02 | b negative |     50 |  70000 | amritaangel66@gmail.com | female | manager     |
+-------+--------+----------+------------+------+------------+------------+--------+--------+-------------------------+--------+-------------+
2 rows in set (0.00 sec)

mysql> select * from emp where age<30;
+-------+--------+------------+------------+------+------------+------------+--------+--------+-------------------------+--------+------------------+
| empid | name   | mobileno   | dob        | age  | doj        | bloodgroup | deptno | salary | email                   | gender | designation      |
+-------+--------+------------+------------+------+------------+------------+--------+--------+-------------------------+--------+------------------+
|     1 | raj    |  983815625 | 1996-10-10 |   23 | 2016-04-04 | o positive |     10 |  20000 | rajsingh97@gmail.com    | female | sofware devloper |
|     2 | raju   | 9918283463 | 1996-10-10 |   22 | 2016-04-04 | a positive |     10 |  50000 | rajusingh97@gmail.com   | male   | hr               |
|     3 | rajan  |   74338125 | 1993-10-05 |   29 | 2016-04-04 | b positive |     10 |  17000 | rajansingh97@gmail.com  | male   | tester           |
|     4 | rajesh |   74300125 | 1994-10-05 |   29 | 2018-04-04 | b negative |     20 |  22000 | rajeshverma97@gmail.com | male   | clerk            |
|     6 | sita   |   94363472 | 1992-07-08 |   29 | 2019-07-02 | b negative |     40 |  70000 | sitaverma66@gmail.com   | female | manager          |
|     7 | amrita |    9963472 | 1992-07-08 |   22 | 2019-07-02 | b negative |     50 |  70000 | amritaangel66@gmail.com | female | manager          |
|     9 | ritik  |    7736342 | 1992-04-20 |   25 | 2018-08-22 | o positove |     40 |  28000 | ritik999@gmail.com      | male   | tester           |
|    10 | sarika |    9239239 | 1995-04-28 |   28 | 2017-12-22 | b positove |     30 |  32000 | sarika999@gmail.com     | female | tester           |
+-------+--------+------------+------------+------+------------+------------+--------+--------+-------------------------+--------+------------------+
8 rows in set (0.01 sec)

mysql> select * from emp where age<25;
+-------+--------+------------+------------+------+------------+------------+--------+--------+-------------------------+--------+------------------+
| empid | name   | mobileno   | dob        | age  | doj        | bloodgroup | deptno | salary | email                   | gender | designation      |
+-------+--------+------------+------------+------+------------+------------+--------+--------+-------------------------+--------+------------------+
|     1 | raj    |  983815625 | 1996-10-10 |   23 | 2016-04-04 | o positive |     10 |  20000 | rajsingh97@gmail.com    | female | sofware devloper |
|     2 | raju   | 9918283463 | 1996-10-10 |   22 | 2016-04-04 | a positive |     10 |  50000 | rajusingh97@gmail.com   | male   | hr               |
|     7 | amrita |    9963472 | 1992-07-08 |   22 | 2019-07-02 | b negative |     50 |  70000 | amritaangel66@gmail.com | female | manager          |
+-------+--------+------------+------------+------+------------+------------+--------+--------+-------------------------+--------+------------------+
3 rows in set (0.00 sec)

mysql> select * from emp where age<25;
+-------+--------+------------+------------+------+------------+------------+--------+--------+-------------------------+--------+------------------+
| empid | name   | mobileno   | dob        | age  | doj        | bloodgroup | deptno | salary | email                   | gender | designation      |
+-------+--------+------------+------------+------+------------+------------+--------+--------+-------------------------+--------+------------------+
|     1 | raj    |  983815625 | 1996-10-10 |   23 | 2016-04-04 | o positive |     10 |  20000 | rajsingh97@gmail.com    | female | sofware devloper |
|     2 | raju   | 9918283463 | 1996-10-10 |   22 | 2016-04-04 | a positive |     10 |  50000 | rajusingh97@gmail.com   | male   | hr               |
|     7 | amrita |    9963472 | 1992-07-08 |   22 | 2019-07-02 | b negative |     50 |  70000 | amritaangel66@gmail.com | female | manager          |
+-------+--------+------------+------------+------+------------+------------+--------+--------+-------------------------+--------+------------------+
3 rows in set (0.00 sec)

mysql> select name,salary,email,mobileno from emp where age>=27 ;
+--------+--------+-------------------------+----------+
| name   | salary | email                   | mobileno |
+--------+--------+-------------------------+----------+
| rajan  |  17000 | rajansingh97@gmail.com  | 74338125 |
| rajesh |  22000 | rajeshverma97@gmail.com | 74300125 |
| sita   |  70000 | sitaverma66@gmail.com   | 94363472 |
| bhavya |  10000 | bhavy1987@gmail.com     |  8363472 |
| sarika |  32000 | sarika999@gmail.com     |  9239239 |
+--------+--------+-------------------------+----------+
5 rows in set (0.00 sec)

mysql> select * from emp where salary<=40000 ;
+-------+--------+-----------+------------+------+------------+------------+--------+--------+-------------------------+--------+------------------+
| empid | name   | mobileno  | dob        | age  | doj        | bloodgroup | deptno | salary | email                   | gender | designation      |
+-------+--------+-----------+------------+------+------------+------------+--------+--------+-------------------------+--------+------------------+
|     1 | raj    | 983815625 | 1996-10-10 |   23 | 2016-04-04 | o positive |     10 |  20000 | rajsingh97@gmail.com    | female | sofware devloper |
|     3 | rajan  |  74338125 | 1993-10-05 |   29 | 2016-04-04 | b positive |     10 |  17000 | rajansingh97@gmail.com  | male   | tester           |
|     4 | rajesh |  74300125 | 1994-10-05 |   29 | 2018-04-04 | b negative |     20 |  22000 | rajeshverma97@gmail.com | male   | clerk            |
|     8 | bhavya |   8363472 | 1987-04-08 |   40 | 2019-07-02 | o positove |     50 |  10000 | bhavy1987@gmail.com     | female | tech support     |
|     9 | ritik  |   7736342 | 1992-04-20 |   25 | 2018-08-22 | o positove |     40 |  28000 | ritik999@gmail.com      | male   | tester           |
|    10 | sarika |   9239239 | 1995-04-28 |   28 | 2017-12-22 | b positove |     30 |  32000 | sarika999@gmail.com     | female | tester           |
+-------+--------+-----------+------------+------+------------+------------+--------+--------+-------------------------+--------+------------------+
6 rows in set (0.00 sec)

mysql>

